
Discarded input sections

 .text          0x00000000        0x0 build/obj/crt0.o
 .data          0x00000000        0x0 build/obj/crt0.o
 .bss           0x00000000        0x0 build/obj/crt0.o
 .text.__early_init
                0x00000000        0x4 build/obj/crt0.o
 .text          0x00000000        0x0 build/obj/vectors.o
 .data          0x00000000        0x0 build/obj/vectors.o
 .bss           0x00000000        0x0 build/obj/vectors.o
 .text          0x00000000        0x0 build/obj/chcore.o
 .data          0x00000000        0x0 build/obj/chcore.o
 .bss           0x00000000        0x0 build/obj/chcore.o
 .text          0x00000000        0x0 build/obj/chcore_v7m.o
 .data          0x00000000        0x0 build/obj/chcore_v7m.o
 .bss           0x00000000        0x0 build/obj/chcore_v7m.o
 .text          0x00000000        0x0 build/obj/nvic.o
 .data          0x00000000        0x0 build/obj/nvic.o
 .bss           0x00000000        0x0 build/obj/nvic.o
 .text.nvicDisableVector
                0x00000000       0x40 build/obj/nvic.o
 .text          0x00000000        0x0 build/obj/chsys.o
 .data          0x00000000        0x0 build/obj/chsys.o
 .bss           0x00000000        0x0 build/obj/chsys.o
 .text          0x00000000        0x0 build/obj/chdebug.o
 .data          0x00000000        0x0 build/obj/chdebug.o
 .bss           0x00000000        0x0 build/obj/chdebug.o
 .text.dbg_check_disable
                0x00000000       0x28 build/obj/chdebug.o
 .text.dbg_check_suspend
                0x00000000       0x28 build/obj/chdebug.o
 .text          0x00000000        0x0 build/obj/chlists.o
 .data          0x00000000        0x0 build/obj/chlists.o
 .bss           0x00000000        0x0 build/obj/chlists.o
 .text.prio_insert
                0x00000000       0x24 build/obj/chlists.o
 .text.lifo_remove
                0x00000000        0xc build/obj/chlists.o
 .text.list_insert
                0x00000000        0x8 build/obj/chlists.o
 .text          0x00000000        0x0 build/obj/chvt.o
 .data          0x00000000        0x0 build/obj/chvt.o
 .bss           0x00000000        0x0 build/obj/chvt.o
 .text          0x00000000        0x0 build/obj/chschd.o
 .data          0x00000000        0x0 build/obj/chschd.o
 .bss           0x00000000        0x0 build/obj/chschd.o
 .text.chSchDoRescheduleBehind
                0x00000000       0x48 build/obj/chschd.o
 .text.chSchRescheduleS
                0x00000000       0x24 build/obj/chschd.o
 .text          0x00000000        0x0 build/obj/chthreads.o
 .data          0x00000000        0x0 build/obj/chthreads.o
 .bss           0x00000000        0x0 build/obj/chthreads.o
 .text._thread_memfill
                0x00000000       0x10 build/obj/chthreads.o
 .text.chThdSetPriority
                0x00000000       0x44 build/obj/chthreads.o
 .text.chThdResume
                0x00000000       0x34 build/obj/chthreads.o
 .text.chThdTerminate
                0x00000000       0x24 build/obj/chthreads.o
 .text.chThdSleepUntil
                0x00000000       0x28 build/obj/chthreads.o
 .text.chThdYield
                0x00000000       0x2c build/obj/chthreads.o
 .text.chThdWait
                0x00000000       0x58 build/obj/chthreads.o
 .text          0x00000000        0x0 build/obj/chdynamic.o
 .data          0x00000000        0x0 build/obj/chdynamic.o
 .bss           0x00000000        0x0 build/obj/chdynamic.o
 .debug_info    0x00000000       0x80 build/obj/chdynamic.o
 .debug_abbrev  0x00000000       0x26 build/obj/chdynamic.o
 .debug_aranges
                0x00000000       0x18 build/obj/chdynamic.o
 .debug_line    0x00000000       0x1d build/obj/chdynamic.o
 .debug_str     0x00000000      0x1e5 build/obj/chdynamic.o
 .comment       0x00000000       0x6f build/obj/chdynamic.o
 .ARM.attributes
                0x00000000       0x33 build/obj/chdynamic.o
 .text          0x00000000        0x0 build/obj/chregistry.o
 .data          0x00000000        0x0 build/obj/chregistry.o
 .bss           0x00000000        0x0 build/obj/chregistry.o
 .text.chRegFirstThread
                0x00000000       0x20 build/obj/chregistry.o
 .text.chRegNextThread
                0x00000000       0x28 build/obj/chregistry.o
 .text          0x00000000        0x0 build/obj/chsem.o
 .data          0x00000000        0x0 build/obj/chsem.o
 .bss           0x00000000        0x0 build/obj/chsem.o
 .text.chSemInit
                0x00000000       0x28 build/obj/chsem.o
 .text.chSemResetI
                0x00000000       0x5c build/obj/chsem.o
 .text.chSemReset
                0x00000000       0x24 build/obj/chsem.o
 .text.chSemWaitS
                0x00000000       0x64 build/obj/chsem.o
 .text.chSemWait
                0x00000000       0x20 build/obj/chsem.o
 .text.chSemWaitTimeoutS
                0x00000000       0x70 build/obj/chsem.o
 .text.chSemWaitTimeout
                0x00000000       0x24 build/obj/chsem.o
 .text.chSemSignal
                0x00000000       0x60 build/obj/chsem.o
 .text.chSemSignalI
[...]
Memory Configuration

Name             Origin             Length             Attributes
flash            0x08000000         0x00100000
ram              0x20000000         0x0001c000
ethram           0x2001c000         0x00004000
ccmram           0x10000000         0x00010000
*default*        0x00000000         0xffffffff

Linker script and memory map

LOAD build/obj/crt0.o
LOAD build/obj/vectors.o
LOAD build/obj/chcore.o
LOAD build/obj/chcore_v7m.o
LOAD build/obj/nvic.o
LOAD build/obj/chsys.o
LOAD build/obj/chdebug.o
LOAD build/obj/chlists.o
LOAD build/obj/chvt.o
LOAD build/obj/chschd.o
LOAD build/obj/chthreads.o
LOAD build/obj/chdynamic.o
LOAD build/obj/chregistry.o
LOAD build/obj/chsem.o
LOAD build/obj/chmtx.o
LOAD build/obj/chcond.o
LOAD build/obj/chevents.o
LOAD build/obj/chmsg.o
LOAD build/obj/chmboxes.o
LOAD build/obj/chqueues.o
LOAD build/obj/chmemcore.o
LOAD build/obj/chheap.o
LOAD build/obj/chmempools.o
LOAD build/obj/test.o
LOAD build/obj/testthd.o
LOAD build/obj/testsem.o
LOAD build/obj/testmtx.o
LOAD build/obj/testmsg.o
LOAD build/obj/testmbox.o
LOAD build/obj/testevt.o
LOAD build/obj/testheap.o
LOAD build/obj/testpools.o
LOAD build/obj/testdyn.o
LOAD build/obj/testqueues.o
LOAD build/obj/testbmk.o
LOAD build/obj/hal.o
LOAD build/obj/adc.o
LOAD build/obj/can.o
LOAD build/obj/ext.o
LOAD build/obj/gpt.o
LOAD build/obj/i2c.o
LOAD build/obj/icu.o
LOAD build/obj/mac.o
LOAD build/obj/mmc_spi.o
LOAD build/obj/mmcsd.o
LOAD build/obj/pal.o
LOAD build/obj/pwm.o
LOAD build/obj/rtc.o
LOAD build/obj/sdc.o
LOAD build/obj/serial.o
LOAD build/obj/serial_usb.o
LOAD build/obj/spi.o
LOAD build/obj/tm.o
LOAD build/obj/uart.o
LOAD build/obj/usb.o
LOAD build/obj/stm32_dma.o
LOAD build/obj/hal_lld.o
LOAD build/obj/adc_lld.o
LOAD build/obj/ext_lld_isr.o
LOAD build/obj/can_lld.o
LOAD build/obj/ext_lld.o
LOAD build/obj/mac_lld.o
LOAD build/obj/sdc_lld.o
LOAD build/obj/pal_lld.o
LOAD build/obj/i2c_lld.o
LOAD build/obj/usb_lld.o
LOAD build/obj/rtc_lld.o
LOAD build/obj/spi_lld.o
LOAD build/obj/gpt_lld.o
LOAD build/obj/icu_lld.o
LOAD build/obj/pwm_lld.o
LOAD build/obj/serial_lld.o
LOAD build/obj/uart_lld.o
LOAD build/obj/board.o
LOAD build/obj/main.o
                0x00000400                __main_stack_size__ = 0x400
                0x00000400                __process_stack_size__ = 0x400
                0x20000000                __ram_start__ = ORIGIN (ram)
                0x0001c000                __ram_size__ = LENGTH (ram)
                0x2001c000                __ram_end__ = (__ram_start__ + __ram_size__)
                0x00000000                . = 0x0
                0x00000000                _text = .

startup         0x08000000      0x1ac
 *(vectors)
 vectors        0x08000000      0x1ac build/obj/vectors.o
                0x08000000                _vectors

constructors    0x080001ac        0x0
                0x080001ac                PROVIDE (__init_array_start, .)
 *(SORT(.init_array.*))
 *(.init_array)
                0x080001ac                PROVIDE (__init_array_end, .)

destructors     0x080001ac        0x0
                0x080001ac                PROVIDE (__fini_array_start, .)
 *(.fini_array)
 *(SORT(.fini_array.*))
                0x080001ac                PROVIDE (__fini_array_end, .)

.text           0x080001b0     0x2988
 *(.text.startup.*)
 .text.startup.main
                0x080001b0       0xfc build/obj/main.o
                0x080001b0                main
 *(.text)
 *(.text.*)
 *fill*         0x080002ac        0x4 
 .text.__late_init
                0x080002b0        0x4 build/obj/crt0.o
                0x080002b0                __late_init
 *fill*         0x080002b4        0xc 
 .text._default_exit
                0x080002c0        0x4 build/obj/crt0.o
                0x080002c0                _default_exit
 *fill*         0x080002c4        0xc 
 .text.ResetHandler
                0x080002d0       0xfc build/obj/crt0.o
                0x080002d0                ResetHandler
 *fill*         0x080003cc        0x4 
 .text._unhandled_exception
                0x080003d0        0x4 build/obj/vectors.o
                0x080003d0                VectorAC
                0x080003d0                Vector1A0
                0x080003d0                NMIVector
                0x080003d0                Vector11C
                0x080003d0                Vector19C
                0x080003d0                Vector8C
                0x080003d0                VectorDC
                0x080003d0                Vector168
                0x080003d0                Vector110
                0x080003d0                Vector94
                0x080003d0                VectorA8
                0x080003d0                VectorB4
                0x080003d0                VectorEC
                0x080003d0                UsageFaultVector
                0x080003d0                DebugMonitorVector
                0x080003d0                Vector40
                0x080003d0                VectorF8
                0x080003d0                Vector108
                0x080003d0                Vector190
                0x080003d0                Vector148
                0x080003d0                Vector188
                0x080003d0                PendSVVector
                0x080003d0                Vector198
                0x080003d0                Vector118
                0x080003d0                VectorCC
                0x080003d0                Vector54
                0x080003d0                Vector98
                0x080003d0                VectorD8
                0x080003d0                Vector24
                0x080003d0                Vector178
                0x080003d0                Vector1A4
                0x080003d0                BusFaultVector
                0x080003d0                VectorD0
                0x080003d0                Vector140
                0x080003d0                HardFaultVector
                0x080003d0                Vector134
                0x080003d0                VectorF0
                0x080003d0                Vector13C
                0x080003d0                Vector100
                0x080003d0                VectorF4
                0x080003d0                MemManageVector
                0x080003d0                VectorA0
                0x080003d0                Vector180
                0x080003d0                VectorB0
                0x080003d0                Vector90
                0x080003d0                Vector114
                0x080003d0                Vector1C
                0x080003d0                Vector17C
                0x080003d0                Vector48
                0x080003d0                Vector1A8
                0x080003d0                Vector16C
                0x080003d0                Vector144
                0x080003d0                Vector15C
                0x080003d0                _unhandled_exception
                0x080003d0                Vector88
                0x080003d0                Vector104
                0x080003d0                Vector184
                0x080003d0                Vector10C
                0x080003d0                Vector14C
                0x080003d0                Vector50
                0x080003d0                Vector194
                0x080003d0                Vector28
                0x080003d0                VectorB8
                0x080003d0                Vector34
                0x080003d0                VectorA4
                0x080003d0                Vector20
                0x080003d0                Vector18C
                0x080003d0                Vector174
 *fill*         0x080003d4        0xc 
 .text.port_halt
                0x080003e0        0x4 build/obj/chcore.o
                0x080003e0                port_halt
 *fill*         0x080003e4        0xc 
 .text._port_switch_from_isr
                0x080003f0       0x10 build/obj/chcore_v7m.o
                0x080003f0                _port_switch_from_isr
 .text._port_irq_epilogue.part.0
                0x08000400       0x38 build/obj/chcore_v7m.o
 *fill*         0x08000438        0x8 
 .text.SysTickVector
                0x08000440       0x3c build/obj/chcore_v7m.o
                0x08000440                SysTickVector
 *fill*         0x0800047c        0x4 
 .text.SVCallVector
                0x08000480       0x14 build/obj/chcore_v7m.o
                0x08000480                SVCallVector
 *fill*         0x08000494        0xc 
 .text._port_init
                0x080004a0       0x30 build/obj/chcore_v7m.o
                0x080004a0                _port_init
 .text._port_lock
                0x080004d0        0x8 build/obj/chcore_v7m.o
                0x080004d0                _port_lock
 *fill*         0x080004d8        0x8 
 .text._port_unlock
                0x080004e0        0x8 build/obj/chcore_v7m.o
                0x080004e0                _port_unlock
 *fill*         0x080004e8        0x8 
 .text._port_irq_epilogue
                0x080004f0       0x24 build/obj/chcore_v7m.o
                0x080004f0                _port_irq_epilogue
 *fill*         0x08000514        0xc 
 .text._port_switch
                0x08000520       0x10 build/obj/chcore_v7m.o
                0x08000520                _port_switch
 .text._port_thread_start
                0x08000530       0x14 build/obj/chcore_v7m.o
                0x08000530                _port_thread_start
 *fill*         0x08000544        0xc 
 .text.nvicEnableVector
                0x08000550       0x48 build/obj/nvic.o
                0x08000550                nvicEnableVector
 *fill*         0x08000598        0x8 
 .text.nvicSetSystemHandlerPriority
                0x080005a0       0x28 build/obj/nvic.o
                0x080005a0                nvicSetSystemHandlerPriority
 *fill*         0x080005c8        0x8 
 .text._idle_thread
                0x080005d0       0x14 build/obj/chsys.o
                0x080005d0                _idle_thread
 *fill*         0x080005e4        0xc 
 .text.chSysInit
                0x080005f0       0x6c build/obj/chsys.o
                0x080005f0                chSysInit
 *fill*         0x0800065c        0x4 
 .text.chSysTimerHandlerI
                0x08000660       0x58 build/obj/chsys.o
                0x08000660                chSysTimerHandlerI
 *fill*         0x080006b8        0x8 
 .text.dbg_check_enable
                0x080006c0       0x28 build/obj/chdebug.o
                0x080006c0                dbg_check_enable
 *fill*         0x080006e8        0x8 
 .text.dbg_check_lock
                0x080006f0       0x30 build/obj/chdebug.o
                0x080006f0                dbg_check_lock
 .text.dbg_check_unlock
                0x08000720       0x38 build/obj/chdebug.o
                0x08000720                dbg_check_unlock
 *fill*         0x08000758        0x8 
 .text.dbg_check_lock_from_isr
                0x08000760       0x30 build/obj/chdebug.o
                0x08000760                dbg_check_lock_from_isr
 .text.dbg_check_unlock_from_isr
                0x08000790       0x38 build/obj/chdebug.o
                0x08000790                dbg_check_unlock_from_isr
 *fill*         0x080007c8        0x8 
 .text.dbg_check_enter_isr
                0x080007d0       0x3c build/obj/chdebug.o
                0x080007d0                dbg_check_enter_isr
 *fill*         0x0800080c        0x4 
 .text.dbg_check_leave_isr
                0x08000810       0x3c build/obj/chdebug.o
                0x08000810                dbg_check_leave_isr
 *fill*         0x0800084c        0x4 
 .text.chDbgCheckClassI
                0x08000850       0x2c build/obj/chdebug.o
                0x08000850                chDbgCheckClassI
 *fill*         0x0800087c        0x4 
 .text.chDbgCheckClassS
                0x08000880       0x2c build/obj/chdebug.o
                0x08000880                chDbgCheckClassS
 *fill*         0x080008ac        0x4 
 .text._trace_init
                0x080008b0       0x14 build/obj/chdebug.o
                0x080008b0                _trace_init
 *fill*         0x080008c4        0xc 
 .text.dbg_trace
                0x080008d0       0x3c build/obj/chdebug.o
                0x080008d0                dbg_trace
 *fill*         0x0800090c        0x4 
 .text.chDbgPanic
                0x08000910        0xc build/obj/chdebug.o
                0x08000910                chDbgPanic
 *fill*         0x0800091c        0x4 
 .text.queue_insert
                0x08000920        0xc build/obj/chlists.o
                0x08000920                queue_insert
 *fill*         0x0800092c        0x4 
 .text.fifo_remove
                0x08000930        0xc build/obj/chlists.o
                0x08000930                fifo_remove
 *fill*         0x0800093c        0x4 
 .text.dequeue  0x08000940        0xc build/obj/chlists.o
                0x08000940                dequeue
 *fill*         0x0800094c        0x4 
 .text.list_remove
                0x08000950        0xc build/obj/chlists.o
                0x08000950                list_remove
 *fill*         0x0800095c        0x4 
 .text._vt_init
                0x08000960       0x18 build/obj/chvt.o
                0x08000960                _vt_init
 *fill*         0x08000978        0x8 
 .text.chVTSetI
                0x08000980       0x54 build/obj/chvt.o
                0x08000980                chVTSetI
 *fill*         0x080009d4        0xc 
 .text.chVTResetI
                0x080009e0       0x48 build/obj/chvt.o
                0x080009e0                chVTResetI
 *fill*         0x08000a28        0x8 
 .text._scheduler_init
                0x08000a30       0x14 build/obj/chschd.o
                0x08000a30                _scheduler_init
 *fill*         0x08000a44        0xc 
 .text.chSchReadyI
                0x08000a50       0x44 build/obj/chschd.o
                0x08000a50                chSchReadyI
 *fill*         0x08000a94        0xc 
 .text.wakeup   0x08000aa0       0x40 build/obj/chschd.o
 .text.chSchGoSleepS
                0x08000ae0       0x4c build/obj/chschd.o
                0x08000ae0                chSchGoSleepS
 *fill*         0x08000b2c        0x4 
 .text.chSchGoSleepTimeoutS
                0x08000b30       0x50 build/obj/chschd.o
                0x08000b30                chSchGoSleepTimeoutS
 .text.chSchWakeupS
                0x08000b80       0x64 build/obj/chschd.o
                0x08000b80                chSchWakeupS
 *fill*         0x08000be4        0xc 
 .text.chSchDoRescheduleAhead
                0x08000bf0       0x5c build/obj/chschd.o
                0x08000bf0                chSchDoRescheduleAhead
 *fill*         0x08000c4c        0x4 
 .text.chSchDoReschedule
                0x08000c50        0x4 build/obj/chschd.o
                0x08000c50                chSchDoReschedule
 *fill*         0x08000c54        0xc 
 .text._thread_init
                0x08000c60       0x44 build/obj/chthreads.o
                0x08000c60                _thread_init
 *fill*         0x08000ca4        0xc 
 .text.chThdCreateI
                0x08000cb0       0x88 build/obj/chthreads.o
                0x08000cb0                chThdCreateI
 *fill*         0x08000d38        0x8 
 .text.chThdCreateStatic
                0x08000d40       0x60 build/obj/chthreads.o
                0x08000d40                chThdCreateStatic
 .text.chThdSleep
                0x08000da0       0x2c build/obj/chthreads.o
                0x08000da0                chThdSleep
 *fill*         0x08000dcc        0x4 
 .text.chThdExitS
                0x08000dd0       0x4c build/obj/chthreads.o
                0x08000dd0                chThdExitS
 *fill*         0x08000e1c        0x4 
 .text.chThdExit
                0x08000e20       0x18 build/obj/chthreads.o
                0x08000e20                chThdExit
 *fill*         0x08000e38        0x8 
 .text.chMtxInit
                0x08000e40       0x1c build/obj/chmtx.o
                0x08000e40                chMtxInit
 *fill*         0x08000e5c        0x4 
 .text.chEvtSignalI
                0x08000e60       0x48 build/obj/chevents.o
                0x08000e60                chEvtSignalI
 *fill*         0x08000ea8        0x8 
 .text.chEvtBroadcastFlagsI
                0x08000eb0       0x34 build/obj/chevents.o
                0x08000eb0                chEvtBroadcastFlagsI
 *fill*         0x08000ee4        0xc 
 .text.qwait    0x08000ef0       0x2c build/obj/chqueues.o
 *fill*         0x08000f1c        0x4 
 .text.chIQInit
                0x08000f20       0x20 build/obj/chqueues.o
                0x08000f20                chIQInit
 .text.chIQPutI
                0x08000f40       0x58 build/obj/chqueues.o
                0x08000f40                chIQPutI
 *fill*         0x08000f98        0x8 
 .text.chIQGetTimeout
                0x08000fa0       0x50 build/obj/chqueues.o
                0x08000fa0                chIQGetTimeout
 .text.chIQReadTimeout
                0x08000ff0       0x80 build/obj/chqueues.o
                0x08000ff0                chIQReadTimeout
 .text.chOQInit
                0x08001070       0x1c build/obj/chqueues.o
                0x08001070                chOQInit
 *fill*         0x0800108c        0x4 
 .text.chOQPutTimeout
                0x08001090       0x5c build/obj/chqueues.o
                0x08001090                chOQPutTimeout
 *fill*         0x080010ec        0x4 
 .text.chOQGetI
                0x080010f0       0x4c build/obj/chqueues.o
                0x080010f0                chOQGetI
 *fill*         0x0800113c        0x4 
 .text.chOQWriteTimeout
                0x08001140       0x98 build/obj/chqueues.o
                0x08001140                chOQWriteTimeout
 *fill*         0x080011d8        0x8 
 .text._core_init
                0x080011e0       0x28 build/obj/chmemcore.o
                0x080011e0                _core_init
 *fill*         0x08001208        0x8 
 .text.halInit  0x08001210       0x28 build/obj/hal.o
                0x08001210                halInit
 *fill*         0x08001238        0x8 
 .text.extInit  0x08001240        0x4 build/obj/ext.o
                0x08001240                extInit
 *fill*         0x08001244        0xc 
 .text.extObjectInit
                0x08001250        0xc build/obj/ext.o
                0x08001250                extObjectInit
 *fill*         0x0800125c        0x4 
 .text.i2cInit  0x08001260        0x4 build/obj/i2c.o
                0x08001260                i2cInit
 *fill*         0x08001264        0xc 
 .text.i2cObjectInit
                0x08001270       0x10 build/obj/i2c.o
                0x08001270                i2cObjectInit
 .text.readt    0x08001280        0x8 build/obj/serial.o
 *fill*         0x08001288        0x8 
 .text.read     0x08001290        0xc build/obj/serial.o
 *fill*         0x0800129c        0x4 
 .text.writet   0x080012a0        0x8 build/obj/serial.o
 *fill*         0x080012a8        0x8 
 .text.write    0x080012b0        0xc build/obj/serial.o
 *fill*         0x080012bc        0x4 
 .text.gett     0x080012c0        0x8 build/obj/serial.o
 *fill*         0x080012c8        0x8 
 .text.get      0x080012d0        0xc build/obj/serial.o
 *fill*         0x080012dc        0x4 
 .text.putt     0x080012e0        0x8 build/obj/serial.o
 *fill*         0x080012e8        0x8 
 .text.put      0x080012f0        0xc build/obj/serial.o
 *fill*         0x080012fc        0x4 
 .text.sdInit   0x08001300        0x4 build/obj/serial.o
                0x08001300                sdInit
 *fill*         0x08001304        0xc 
 .text.sdObjectInit
                0x08001310       0x40 build/obj/serial.o
                0x08001310                sdObjectInit
 .text.sdStart  0x08001350       0x44 build/obj/serial.o
                0x08001350                sdStart
 *fill*         0x08001394        0xc 
 .text.sdIncomingDataI
                0x080013a0       0x50 build/obj/serial.o
                0x080013a0                sdIncomingDataI
 .text.tm_start
                0x080013f0        0xc build/obj/tm.o
 *fill*         0x080013fc        0x4 
 .text.tm_stop  0x08001400       0x34 build/obj/tm.o
 *fill*         0x08001434        0xc 
 .text.tmInit   0x08001440       0x40 build/obj/tm.o
                0x08001440                tmInit
 .text.Vector6C
                0x08001480       0x30 build/obj/stm32_dma.o
                0x08001480                Vector6C
 .text.Vector70
                0x080014b0       0x34 build/obj/stm32_dma.o
                0x080014b0                Vector70
 *fill*         0x080014e4        0xc 
 .text.Vector74
                0x080014f0       0x34 build/obj/stm32_dma.o
                0x080014f0                Vector74
 *fill*         0x08001524        0xc 
 .text.Vector78
                0x08001530       0x34 build/obj/stm32_dma.o
                0x08001530                Vector78
 *fill*         0x08001564        0xc 
 .text.Vector7C
                0x08001570       0x30 build/obj/stm32_dma.o
                0x08001570                Vector7C
 .text.Vector80
                0x080015a0       0x34 build/obj/stm32_dma.o
                0x080015a0                Vector80
 *fill*         0x080015d4        0xc 
 .text.Vector84
                0x080015e0       0x34 build/obj/stm32_dma.o
                0x080015e0                Vector84
 *fill*         0x08001614        0xc 
 .text.VectorFC
                0x08001620       0x34 build/obj/stm32_dma.o
                0x08001620                VectorFC
 *fill*         0x08001654        0xc 
 .text.Vector120
                0x08001660       0x30 build/obj/stm32_dma.o
                0x08001660                Vector120
 .text.Vector124
                0x08001690       0x34 build/obj/stm32_dma.o
                0x08001690                Vector124
 *fill*         0x080016c4        0xc 
 .text.Vector128
                0x080016d0       0x34 build/obj/stm32_dma.o
                0x080016d0                Vector128
 *fill*         0x08001704        0xc 
 .text.Vector12C
                0x08001710       0x34 build/obj/stm32_dma.o
                0x08001710                Vector12C
 *fill*         0x08001744        0xc 
 .text.Vector130
                0x08001750       0x30 build/obj/stm32_dma.o
                0x08001750                Vector130
 .text.Vector150
                0x08001780       0x34 build/obj/stm32_dma.o
                0x08001780                Vector150
 *fill*         0x080017b4        0xc 
 .text.Vector154
                0x080017c0       0x34 build/obj/stm32_dma.o
                0x080017c0                Vector154
 *fill*         0x080017f4        0xc 
 .text.Vector158
                0x08001800       0x34 build/obj/stm32_dma.o
                0x08001800                Vector158
 *fill*         0x08001834        0xc 
 .text.dmaInit  0x08001840       0x54 build/obj/stm32_dma.o
                0x08001840                dmaInit
 *fill*         0x08001894        0xc 
 .text.hal_lld_init
                0x080018a0       0x98 build/obj/hal_lld.o
                0x080018a0                hal_lld_init
 *fill*         0x08001938        0x8 
 .text.stm32_clock_init
                0x08001940       0xc0 build/obj/hal_lld.o
                0x08001940                stm32_clock_init
 .text.Vector58
                0x08001a00       0x2c build/obj/ext_lld_isr.o
                0x08001a00                Vector58
 *fill*         0x08001a2c        0x4 
 .text.Vector5C
                0x08001a30       0x2c build/obj/ext_lld_isr.o
                0x08001a30                Vector5C
 *fill*         0x08001a5c        0x4 
 .text.Vector60
                0x08001a60       0x2c build/obj/ext_lld_isr.o
                0x08001a60                Vector60
 *fill*         0x08001a8c        0x4 
 .text.Vector64
                0x08001a90       0x2c build/obj/ext_lld_isr.o
                0x08001a90                Vector64
 *fill*         0x08001abc        0x4 
 .text.Vector68
                0x08001ac0       0x2c build/obj/ext_lld_isr.o
                0x08001ac0                Vector68
 *fill*         0x08001aec        0x4 
 .text.Vector9C
                0x08001af0       0x74 build/obj/ext_lld_isr.o
                0x08001af0                Vector9C
 *fill*         0x08001b64        0xc 
 .text.VectorE0
                0x08001b70       0x84 build/obj/ext_lld_isr.o
                0x08001b70                VectorE0
 *fill*         0x08001bf4        0xc 
 .text.Vector44
                0x08001c00       0x30 build/obj/ext_lld_isr.o
                0x08001c00                Vector44
 .text.VectorE4
                0x08001c30       0x30 build/obj/ext_lld_isr.o
                0x08001c30                VectorE4
 .text.VectorE8
                0x08001c60       0x30 build/obj/ext_lld_isr.o
                0x08001c60                VectorE8
 .text.Vector138
                0x08001c90       0x30 build/obj/ext_lld_isr.o
                0x08001c90                Vector138
 .text.Vector170
                0x08001cc0       0x30 build/obj/ext_lld_isr.o
                0x08001cc0                Vector170
 .text.Vector4C
                0x08001cf0       0x30 build/obj/ext_lld_isr.o
                0x08001cf0                Vector4C
 .text.ext_lld_init
                0x08001d20        0xc build/obj/ext_lld.o
                0x08001d20                ext_lld_init
 *fill*         0x08001d2c        0x4 
 .text._pal_lld_init
                0x08001d30      0x1ac build/obj/pal_lld.o
                0x08001d30                _pal_lld_init
 *fill*         0x08001edc        0x4 
 .text._pal_lld_setgroupmode
                0x08001ee0       0xb8 build/obj/pal_lld.o
                0x08001ee0                _pal_lld_setgroupmode
 *fill*         0x08001f98        0x8 
 .text.i2c_lld_serve_event_interrupt
                0x08001fa0      0x11c build/obj/i2c_lld.o
 *fill*         0x080020bc        0x4 
 .text.i2c_lld_serve_error_interrupt
                0x080020c0       0xcc build/obj/i2c_lld.o
 *fill*         0x0800218c        0x4 
 .text.VectorBC
                0x08002190       0x1c build/obj/i2c_lld.o
                0x08002190                VectorBC
 *fill*         0x080021ac        0x4 
 .text.VectorC0
                0x080021b0       0x38 build/obj/i2c_lld.o
                0x080021b0                VectorC0
 *fill*         0x080021e8        0x8 
 .text.VectorC4
                0x080021f0       0x1c build/obj/i2c_lld.o
                0x080021f0                VectorC4
 *fill*         0x0800220c        0x4 
 .text.VectorC8
                0x08002210       0x38 build/obj/i2c_lld.o
                0x08002210                VectorC8
 *fill*         0x08002248        0x8 
 .text.Vector160
                0x08002250       0x1c build/obj/i2c_lld.o
                0x08002250                Vector160
 *fill*         0x0800226c        0x4 
 .text.Vector164
                0x08002270       0x38 build/obj/i2c_lld.o
                0x08002270                Vector164
 *fill*         0x080022a8        0x8 
 .text.i2c_lld_init
                0x080022b0       0x74 build/obj/i2c_lld.o
                0x080022b0                i2c_lld_init
 *fill*         0x08002324        0xc 
 .text.notify1  0x08002330       0x14 build/obj/serial_lld.o
 *fill*         0x08002344        0xc 
 .text.VectorD4
                0x08002350      0x110 build/obj/serial_lld.o
                0x08002350                VectorD4
 .text.sd_lld_init
                0x08002460       0x20 build/obj/serial_lld.o
                0x08002460                sd_lld_init
 .text.sd_lld_start
                0x08002480       0x9c build/obj/serial_lld.o
                0x08002480                sd_lld_start
 *fill*         0x0800251c        0x4 
 .text.__early_init
                0x08002520        0x4 build/obj/board.o
                0x08002520                __early_init
 *fill*         0x08002524        0xc 
 .text.boardInit
                0x08002530        0x4 build/obj/board.o
                0x08002530                boardInit
 *fill*         0x08002534        0xc 
 .text.printn   0x08002540       0x84 build/obj/main.o
 *(.rodata)
 *(.rodata.*)
 *fill*         0x080025c4        0xc 
 .rodata.str1.4
                0x080025d0        0x5 build/obj/chsys.o
 *fill*         0x080025d5        0xb 
 .rodata.str1.4
                0x080025e0       0x56 build/obj/chdebug.o
 *fill*         0x08002636        0xa 
 .rodata.str1.4
                0x08002640       0x31 build/obj/chvt.o
 *fill*         0x08002671        0xf 
 .rodata.str1.4
                0x08002680       0x23 build/obj/chschd.o
 *fill*         0x080026a3        0xd 
 .rodata.str1.4
                0x080026b0       0x84 build/obj/chthreads.o
 *fill*         0x08002734        0xc 
 .rodata.ch_debug
                0x08002740       0x16 build/obj/chregistry.o
                0x08002740                ch_debug
 *fill*         0x08002756        0xa 
 .rodata.str1.4
                0x08002760       0xab build/obj/chmtx.o
 *fill*         0x0800280b        0x5 
 .rodata.str1.4
                0x08002810       0x90 build/obj/chevents.o
 .rodata.str1.4
                0x080028a0       0x29 build/obj/chqueues.o
 *fill*         0x080028c9        0x7 
 .rodata.str1.4
                0x080028d0       0x5f build/obj/serial.o
 *fill*         0x0800292f        0x1 
 .rodata.vmt    0x08002930       0x20 build/obj/serial.o
 .rodata._stm32_dma_streams
                0x08002950       0xc0 build/obj/stm32_dma.o
                0x08002950                _stm32_dma_streams
 .rodata.default_config
                0x08002a10        0xc build/obj/serial_lld.o
 *fill*         0x08002a1c        0x4 
 .rodata.pal_default_config
                0x08002a20       0xfc build/obj/board.o
                0x08002a20                pal_default_config
 *fill*         0x08002b1c        0x4 
 .rodata.str1.4
                0x08002b20       0x18 build/obj/main.o
                                 0x17 (size before relaxing)
 *(.glue_7t)
 .glue_7t       0x08002b38        0x0 linker stubs
 *(.glue_7)
 .glue_7        0x08002b38        0x0 linker stubs
 *(.gcc*)

.vfp11_veneer   0x08002b38        0x0
 .vfp11_veneer  0x08002b38        0x0 linker stubs

.v4_bx          0x08002b38        0x0
 .v4_bx         0x08002b38        0x0 linker stubs

.iplt           0x08002b38        0x0
 .iplt          0x08002b38        0x0 build/obj/crt0.o

.rel.dyn        0x08002b38        0x0
 .rel.iplt      0x08002b38        0x0 build/obj/crt0.o

.ARM.extab
 *(.ARM.extab* .gnu.linkonce.armextab.*)

.ARM.exidx      0x08002b38        0x0
                [!provide]                PROVIDE (__exidx_start, .)
 *(.ARM.exidx* .gnu.linkonce.armexidx.*)
                [!provide]                PROVIDE (__exidx_end, .)

.eh_frame_hdr
 *(.eh_frame_hdr)

.eh_frame
 *(.eh_frame)

.textalign      0x08002b38        0x0
                0x08002b38                . = ALIGN (0x8)
                0x08002b38                . = ALIGN (0x4)
                0x08002b38                _etext = .
                0x08002b38                _textdata = _etext

.stacks         0x20000000      0x800
                0x20000000                . = ALIGN (0x8)
                0x20000000                __main_stack_base__ = .
                0x20000400                . = (. + __main_stack_size__)
 *fill*         0x20000000      0x400 
                0x20000400                . = ALIGN (0x8)
                0x20000400                __main_stack_end__ = .
                0x20000400                __process_stack_base__ = .
                0x20000400                __main_thread_stack_base__ = .
                0x20000800                . = (. + __process_stack_size__)
 *fill*         0x20000400      0x400 
                0x20000800                . = ALIGN (0x8)
                0x20000800                __process_stack_end__ = .
                0x20000800                __main_thread_stack_end__ = .

.data           0x20000800        0x0 load address 0x08002b38
                0x20000800                . = ALIGN (0x4)
                0x20000800                PROVIDE (_data, .)
 *(.data)
                0x20000800                . = ALIGN (0x4)
 *(.data.*)
                0x20000800                . = ALIGN (0x4)
 *(.ramtext)
                0x20000800                . = ALIGN (0x4)
                0x20000800                PROVIDE (_edata, .)

.igot.plt       0x20000800        0x0 load address 0x08002b38
 .igot.plt      0x20000800        0x0 build/obj/crt0.o

.bss            0x20000800      0x728 load address 0x08002b38
                0x20000800                . = ALIGN (0x4)
                0x20000800                PROVIDE (_bss_start, .)
 *(.bss)
                0x20000800                . = ALIGN (0x4)
 *(.bss.*)
 .bss.mainthread.4865
                0x20000800       0x48 build/obj/chsys.o
 .bss._idle_thread_wa
                0x20000848       0xe0 build/obj/chsys.o
                0x20000848                _idle_thread_wa
 .bss.dbg_isr_cnt
                0x20000928        0x4 build/obj/chdebug.o
                0x20000928                dbg_isr_cnt
 .bss.dbg_trace_buffer
                0x2000092c      0x408 build/obj/chdebug.o
                0x2000092c                dbg_trace_buffer
 .bss.dbg_lock_cnt
                0x20000d34        0x4 build/obj/chdebug.o
                0x20000d34                dbg_lock_cnt
 .bss.dbg_panic_msg
                0x20000d38        0x4 build/obj/chdebug.o
                0x20000d38                dbg_panic_msg
 .bss.vtlist    0x20000d3c       0x10 build/obj/chvt.o
                0x20000d3c                vtlist
 .bss.rlist     0x20000d4c       0x1c build/obj/chschd.o
                0x20000d4c                rlist
 .bss.endmem    0x20000d68        0x4 build/obj/chmemcore.o
 .bss.nextmem   0x20000d6c        0x4 build/obj/chmemcore.o
 .bss.measurement_offset
                0x20000d70        0x4 build/obj/tm.o
 .bss.dma_isr_redir
                0x20000d74       0x80 build/obj/stm32_dma.o
 .bss.dma_streams_mask
                0x20000df4        0x4 build/obj/stm32_dma.o
 .bss.EXTD1     0x20000df8        0x8 build/obj/ext_lld.o
                0x20000df8                EXTD1
 .bss.I2CD1     0x20000e00       0x38 build/obj/i2c_lld.o
                0x20000e00                I2CD1
 .bss.I2CD2     0x20000e38       0x38 build/obj/i2c_lld.o
                0x20000e38                I2CD2
 .bss.I2CD3     0x20000e70       0x38 build/obj/i2c_lld.o
                0x20000e70                I2CD3
 .bss.SD1       0x20000ea8       0x78 build/obj/serial_lld.o
                0x20000ea8                SD1
 .bss.acceleration_x
                0x20000f20        0x2 build/obj/main.o
 .bss.acceleration_y
                0x20000f22        0x2 build/obj/main.o
 .bss.acceleration_z
                0x20000f24        0x2 build/obj/main.o
                0x20000f28                . = ALIGN (0x4)
 *fill*         0x20000f26        0x2 
 *(COMMON)
                0x20000f28                . = ALIGN (0x4)
                0x20000f28                PROVIDE (_bss_end, .)
                [!provide]                PROVIDE (end, .)
                0x20000f28                _end = .
                0x20000f28                __heap_base__ = _end
                0x2001c000                __heap_end__ = __ram_end__
START GROUP
LOAD /home/z80/programs/sw4stm32/plugins/fr.ac6.mcu.externaltools.arm-none.linux32_1.7.0.201602151102/tools/compiler/bin/../lib/gcc/arm-none-eabi/5.2.1/armv7e-m/libgcc.a
LOAD /home/z80/programs/sw4stm32/plugins/fr.ac6.mcu.externaltools.arm-none.linux32_1.7.0.201602151102/tools/compiler/bin/../lib/gcc/arm-none-eabi/5.2.1/../../../../arm-none-eabi/lib/armv7e-m/libg.a
LOAD /home/z80/programs/sw4stm32/plugins/fr.ac6.mcu.externaltools.arm-none.linux32_1.7.0.201602151102/tools/compiler/bin/../lib/gcc/arm-none-eabi/5.2.1/../../../../arm-none-eabi/lib/armv7e-m/libc.a
END GROUP
OUTPUT(build/ch.elf elf32-littlearm)

.debug_info     0x00000000     0xec25
 .debug_info    0x00000000      0x2a8 build/obj/crt0.o
 .debug_info    0x000002a8      0x1d4 build/obj/vectors.o
 .debug_info    0x0000047c       0x99 build/obj/chcore.o
 .debug_info    0x00000515      0x864 build/obj/chcore_v7m.o
 .debug_info    0x00000d79      0x40d build/obj/nvic.o
 .debug_info    0x00001186      0x81f build/obj/chsys.o
 .debug_info    0x000019a5      0x8af build/obj/chdebug.o
 .debug_info    0x00002254      0x514 build/obj/chlists.o
 .debug_info    0x00002768      0x275 build/obj/chvt.o
 .debug_info    0x000029dd      0x99e build/obj/chschd.o
 .debug_info    0x0000337b      0xb4f build/obj/chthreads.o
 .debug_info    0x00003eca      0x5df build/obj/chregistry.o
 .debug_info    0x000044a9      0x8f2 build/obj/chmtx.o
 .debug_info    0x00004d9b      0xa90 build/obj/chevents.o
 .debug_info    0x0000582b      0xa5d build/obj/chqueues.o
 .debug_info    0x00006288      0x227 build/obj/chmemcore.o
 .debug_info    0x000064af      0x3d6 build/obj/hal.o
 .debug_info    0x00006885      0x521 build/obj/ext.o
 .debug_info    0x00006da6      0xc2a build/obj/i2c.o
 .debug_info    0x000079d0      0xf75 build/obj/serial.o
 .debug_info    0x00008945      0x2dc build/obj/tm.o
 .debug_info    0x00008c21      0xbe3 build/obj/stm32_dma.o
 .debug_info    0x00009804      0x49c build/obj/hal_lld.o
 .debug_info    0x00009ca0      0xb46 build/obj/ext_lld_isr.o
 .debug_info    0x0000a7e6      0x44d build/obj/ext_lld.o
 .debug_info    0x0000ac33      0x6ff build/obj/pal_lld.o
 .debug_info    0x0000b332     0x1989 build/obj/i2c_lld.o
 .debug_info    0x0000ccbb     0x106c build/obj/serial_lld.o
 .debug_info    0x0000dd27      0x1ff build/obj/board.o
 .debug_info    0x0000df26      0xcff build/obj/main.o

.debug_abbrev   0x00000000     0x36b4
 .debug_abbrev  0x00000000      0x10f build/obj/crt0.o
 .debug_abbrev  0x0000010f       0xb2 build/obj/vectors.o
 .debug_abbrev  0x000001c1       0x42 build/obj/chcore.o
 .debug_abbrev  0x00000203      0x207 build/obj/chcore_v7m.o
 .debug_abbrev  0x0000040a      0x10e build/obj/nvic.o
 .debug_abbrev  0x00000518      0x1fa build/obj/chsys.o
 .debug_abbrev  0x00000712      0x1e7 build/obj/chdebug.o
 .debug_abbrev  0x000008f9      0x153 build/obj/chlists.o
 .debug_abbrev  0x00000a4c      0x139 build/obj/chvt.o
 .debug_abbrev  0x00000b85      0x253 build/obj/chschd.o
 .debug_abbrev  0x00000dd8      0x293 build/obj/chthreads.o
 .debug_abbrev  0x0000106b      0x151 build/obj/chregistry.o
 .debug_abbrev  0x000011bc      0x246 build/obj/chmtx.o
 .debug_abbrev  0x00001402      0x26a build/obj/chevents.o
 .debug_abbrev  0x0000166c      0x2a0 build/obj/chqueues.o
 .debug_abbrev  0x0000190c      0x15d build/obj/chmemcore.o
 .debug_abbrev  0x00001a69      0x1a5 build/obj/hal.o
 .debug_abbrev  0x00001c0e      0x176 build/obj/ext.o
 .debug_abbrev  0x00001d84      0x222 build/obj/i2c.o
 .debug_abbrev  0x00001fa6      0x269 build/obj/serial.o
 .debug_abbrev  0x0000220f      0x1a1 build/obj/tm.o
 .debug_abbrev  0x000023b0      0x224 build/obj/stm32_dma.o
 .debug_abbrev  0x000025d4      0x12b build/obj/hal_lld.o
 .debug_abbrev  0x000026ff      0x1ef build/obj/ext_lld_isr.o
 .debug_abbrev  0x000028ee      0x202 build/obj/ext_lld.o
 .debug_abbrev  0x00002af0      0x1b2 build/obj/pal_lld.o
 .debug_abbrev  0x00002ca2      0x38f build/obj/i2c_lld.o
 .debug_abbrev  0x00003031      0x2d8 build/obj/serial_lld.o
 .debug_abbrev  0x00003309       0xe3 build/obj/board.o
 .debug_abbrev  0x000033ec      0x2c8 build/obj/main.o

.debug_loc      0x00000000     0x3947
 .debug_loc     0x00000000       0xba build/obj/crt0.o
 .debug_loc     0x000000ba       0x4d build/obj/chcore_v7m.o
 .debug_loc     0x00000107      0x148 build/obj/nvic.o
 .debug_loc     0x0000024f       0x26 build/obj/chsys.o
 .debug_loc     0x00000275       0xc9 build/obj/chdebug.o
 .debug_loc     0x0000033e       0x7b build/obj/chlists.o
 .debug_loc     0x000003b9       0xb4 build/obj/chvt.o
 .debug_loc     0x0000046d      0x267 build/obj/chschd.o
 .debug_loc     0x000006d4      0x40a build/obj/chthreads.o
 .debug_loc     0x00000ade       0x68 build/obj/chregistry.o
 .debug_loc     0x00000b46      0x204 build/obj/chmtx.o
 .debug_loc     0x00000d4a      0x525 build/obj/chevents.o
 .debug_loc     0x0000126f      0x607 build/obj/chqueues.o
 .debug_loc     0x00001876       0xee build/obj/chmemcore.o
 .debug_loc     0x00001964       0xce build/obj/hal.o
 .debug_loc     0x00001a32      0x242 build/obj/ext.o
 .debug_loc     0x00001c74      0x3d0 build/obj/i2c.o
 .debug_loc     0x00002044      0x4ff build/obj/serial.o
 .debug_loc     0x00002543       0x33 build/obj/tm.o
 .debug_loc     0x00002576      0x277 build/obj/stm32_dma.o
 .debug_loc     0x000027ed       0xbe build/obj/ext_lld_isr.o
 .debug_loc     0x000028ab      0x220 build/obj/ext_lld.o
 .debug_loc     0x00002acb      0x2c2 build/obj/pal_lld.o
 .debug_loc     0x00002d8d      0x830 build/obj/i2c_lld.o
 .debug_loc     0x000035bd      0x225 build/obj/serial_lld.o
 .debug_loc     0x000037e2      0x165 build/obj/main.o

.debug_aranges  0x00000000      0x988
 .debug_aranges
                0x00000000       0x30 build/obj/crt0.o
 .debug_aranges
                0x00000030       0x20 build/obj/vectors.o
 .debug_aranges
                0x00000050       0x20 build/obj/chcore.o
 .debug_aranges
                0x00000070       0x68 build/obj/chcore_v7m.o
 .debug_aranges
                0x000000d8       0x30 build/obj/nvic.o
 .debug_aranges
                0x00000108       0x30 build/obj/chsys.o
 .debug_aranges
                0x00000138       0x88 build/obj/chdebug.o
 .debug_aranges
                0x000001c0       0x50 build/obj/chlists.o
 .debug_aranges
                0x00000210       0x30 build/obj/chvt.o
 .debug_aranges
                0x00000240       0x68 build/obj/chschd.o
 .debug_aranges
                0x000002a8       0x80 build/obj/chthreads.o
 .debug_aranges
                0x00000328       0x28 build/obj/chregistry.o
 .debug_aranges
                0x00000350       0x58 build/obj/chmtx.o
 .debug_aranges
                0x000003a8       0x88 build/obj/chevents.o
 .debug_aranges
                0x00000430       0x70 build/obj/chqueues.o
 .debug_aranges
                0x000004a0       0x38 build/obj/chmemcore.o
 .debug_aranges
                0x000004d8       0x30 build/obj/hal.o
 .debug_aranges
                0x00000508       0x50 build/obj/ext.o
 .debug_aranges
                0x00000558       0x60 build/obj/i2c.o
 .debug_aranges
                0x000005b8       0x88 build/obj/serial.o
 .debug_aranges
                0x00000640       0x38 build/obj/tm.o
 .debug_aranges
                0x00000678       0xb0 build/obj/stm32_dma.o
 .debug_aranges
                0x00000728       0x28 build/obj/hal_lld.o
 .debug_aranges
                0x00000750       0x98 build/obj/ext_lld_isr.o
 .debug_aranges
                0x000007e8       0x40 build/obj/ext_lld.o
 .debug_aranges
                0x00000828       0x28 build/obj/pal_lld.o
 .debug_aranges
                0x00000850       0xa0 build/obj/i2c_lld.o
 .debug_aranges
                0x000008f0       0x40 build/obj/serial_lld.o
 .debug_aranges
                0x00000930       0x28 build/obj/board.o
 .debug_aranges
                0x00000958       0x30 build/obj/main.o

.debug_ranges   0x00000000      0xbc0
 .debug_ranges  0x00000000       0x50 build/obj/crt0.o
 .debug_ranges  0x00000050       0x10 build/obj/vectors.o
 .debug_ranges  0x00000060       0x10 build/obj/chcore.o
 .debug_ranges  0x00000070       0x70 build/obj/chcore_v7m.o
 .debug_ranges  0x000000e0       0x20 build/obj/nvic.o
 .debug_ranges  0x00000100       0x20 build/obj/chsys.o
 .debug_ranges  0x00000120       0x78 build/obj/chdebug.o
 .debug_ranges  0x00000198       0x40 build/obj/chlists.o
 .debug_ranges  0x000001d8       0x20 build/obj/chvt.o
 .debug_ranges  0x000001f8       0xf0 build/obj/chschd.o
 .debug_ranges  0x000002e8       0xa8 build/obj/chthreads.o
 .debug_ranges  0x00000390       0x18 build/obj/chregistry.o
 .debug_ranges  0x000003a8       0x90 build/obj/chmtx.o
 .debug_ranges  0x00000438       0x78 build/obj/chevents.o
 .debug_ranges  0x000004b0       0x98 build/obj/chqueues.o
 .debug_ranges  0x00000548       0x28 build/obj/chmemcore.o
 .debug_ranges  0x00000570       0x38 build/obj/hal.o
 .debug_ranges  0x000005a8       0x40 build/obj/ext.o
 .debug_ranges  0x000005e8       0x50 build/obj/i2c.o
 .debug_ranges  0x00000638       0x78 build/obj/serial.o
 .debug_ranges  0x000006b0       0x80 build/obj/tm.o
 .debug_ranges  0x00000730       0xa0 build/obj/stm32_dma.o
 .debug_ranges  0x000007d0       0x30 build/obj/hal_lld.o
 .debug_ranges  0x00000800       0x88 build/obj/ext_lld_isr.o
 .debug_ranges  0x00000888       0x68 build/obj/ext_lld.o
 .debug_ranges  0x000008f0       0xa8 build/obj/pal_lld.o
 .debug_ranges  0x00000998      0x158 build/obj/i2c_lld.o
 .debug_ranges  0x00000af0       0x80 build/obj/serial_lld.o
 .debug_ranges  0x00000b70       0x18 build/obj/board.o
 .debug_ranges  0x00000b88       0x38 build/obj/main.o

.debug_line     0x00000000     0x655b
 .debug_line    0x00000000      0x1e5 build/obj/crt0.o
 .debug_line    0x000001e5      0x19a build/obj/vectors.o
 .debug_line    0x0000037f       0x56 build/obj/chcore.o
 .debug_line    0x000003d5      0x316 build/obj/chcore_v7m.o
 .debug_line    0x000006eb      0x1ce build/obj/nvic.o
 .debug_line    0x000008b9      0x288 build/obj/chsys.o
 .debug_line    0x00000b41      0x3be build/obj/chdebug.o
 .debug_line    0x00000eff      0x28c build/obj/chlists.o
 .debug_line    0x0000118b      0x244 build/obj/chvt.o
 .debug_line    0x000013cf      0x3b4 build/obj/chschd.o
 .debug_line    0x00001783      0x4a7 build/obj/chthreads.o
 .debug_line    0x00001c2a      0x2ed build/obj/chregistry.o
 .debug_line    0x00001f17      0x37a build/obj/chmtx.o
 .debug_line    0x00002291      0x3ba build/obj/chevents.o
 .debug_line    0x0000264b      0x44f build/obj/chqueues.o
 .debug_line    0x00002a9a      0x2a5 build/obj/chmemcore.o
 .debug_line    0x00002d3f      0x347 build/obj/hal.o
 .debug_line    0x00003086      0x345 build/obj/ext.o
 .debug_line    0x000033cb      0x4ee build/obj/i2c.o
 .debug_line    0x000038b9      0x4d1 build/obj/serial.o
 .debug_line    0x00003d8a      0x2af build/obj/tm.o
 .debug_line    0x00004039      0x4d4 build/obj/stm32_dma.o
 .debug_line    0x0000450d      0x2a8 build/obj/hal_lld.o
 .debug_line    0x000047b5      0x468 build/obj/ext_lld_isr.o
 .debug_line    0x00004c1d      0x305 build/obj/ext_lld.o
 .debug_line    0x00004f22      0x2b0 build/obj/pal_lld.o
 .debug_line    0x000051d2      0x825 build/obj/i2c_lld.o
 .debug_line    0x000059f7      0x476 build/obj/serial_lld.o
 .debug_line    0x00005e6d      0x24f build/obj/board.o
 .debug_line    0x000060bc      0x49f build/obj/main.o

.debug_str      0x00000000     0x25e7
 .debug_str     0x00000000      0x2ab build/obj/crt0.o
                                0x2f0 (size before relaxing)
 .debug_str     0x000002ab      0x154 build/obj/vectors.o
                                0x32a (size before relaxing)
 .debug_str     0x000003ff       0x30 build/obj/chcore.o
                                0x1f2 (size before relaxing)
 .debug_str     0x0000042f      0x367 build/obj/chcore_v7m.o
                                0x577 (size before relaxing)
 .debug_str     0x00000796       0xa1 build/obj/nvic.o
                                0x2fc (size before relaxing)
 .debug_str     0x00000837      0x22d build/obj/chsys.o
                                0x61d (size before relaxing)
 .debug_str     0x00000a64       0xfe build/obj/chdebug.o
                                0x59b (size before relaxing)
 .debug_str     0x00000b62       0x72 build/obj/chlists.o
                                0x3c2 (size before relaxing)
 .debug_str     0x00000bd4       0x39 build/obj/chvt.o
                                0x299 (size before relaxing)
 .debug_str     0x00000c0d       0xc4 build/obj/chschd.o
                                0x55b (size before relaxing)
 .debug_str     0x00000cd1       0xd4 build/obj/chthreads.o
                                0x5a8 (size before relaxing)
 .debug_str     0x00000da5       0x45 build/obj/chregistry.o
                                0x4fe (size before relaxing)
 .debug_str     0x00000dea       0x88 build/obj/chmtx.o
                                0x4b3 (size before relaxing)
 .debug_str     0x00000e72      0x180 build/obj/chevents.o
                                0x581 (size before relaxing)
 .debug_str     0x00000ff2      0x11c build/obj/chqueues.o
                                0x53e (size before relaxing)
 .debug_str     0x0000110e       0x73 build/obj/chmemcore.o
                                0x28f (size before relaxing)
 .debug_str     0x00001181      0x178 build/obj/hal.o
                                0x37d (size before relaxing)
 .debug_str     0x000012f9      0x152 build/obj/ext.o
                                0x38c (size before relaxing)
 .debug_str     0x0000144b      0x33e build/obj/i2c.o
                                0x72c (size before relaxing)
 .debug_str     0x00001789      0x126 build/obj/serial.o
                                0x6b6 (size before relaxing)
 .debug_str     0x000018af       0x6a build/obj/tm.o
                                0x2c3 (size before relaxing)
 .debug_str     0x00001919      0x74a build/obj/stm32_dma.o
                                0xa7b (size before relaxing)
 .debug_str     0x00002063       0xc1 build/obj/hal_lld.o
                                0x426 (size before relaxing)
 .debug_str     0x00002124      0x115 build/obj/ext_lld_isr.o
                                0x8ef (size before relaxing)
 .debug_str     0x00002239       0x5b build/obj/ext_lld.o
                                0x3a0 (size before relaxing)
 .debug_str     0x00002294       0xc7 build/obj/pal_lld.o
                                0x484 (size before relaxing)
 .debug_str     0x0000235b      0x160 build/obj/i2c_lld.o
                                0xf4d (size before relaxing)
 .debug_str     0x000024bb       0x78 build/obj/serial_lld.o
                                0xc75 (size before relaxing)
 .debug_str     0x00002533       0x43 build/obj/board.o
                                0x2e7 (size before relaxing)
 .debug_str     0x00002576       0x71 build/obj/main.o
                                0x65f (size before relaxing)

.comment        0x00000000       0x6e
 .comment       0x00000000       0x6e build/obj/crt0.o
                                 0x6f (size before relaxing)
 .comment       0x0000006e       0x6f build/obj/vectors.o
 .comment       0x0000006e       0x6f build/obj/chcore.o
 .comment       0x0000006e       0x6f build/obj/chcore_v7m.o
 .comment       0x0000006e       0x6f build/obj/nvic.o
 .comment       0x0000006e       0x6f build/obj/chsys.o
 .comment       0x0000006e       0x6f build/obj/chdebug.o
 .comment       0x0000006e       0x6f build/obj/chlists.o
 .comment       0x0000006e       0x6f build/obj/chvt.o
 .comment       0x0000006e       0x6f build/obj/chschd.o
 .comment       0x0000006e       0x6f build/obj/chthreads.o
 .comment       0x0000006e       0x6f build/obj/chregistry.o
 .comment       0x0000006e       0x6f build/obj/chmtx.o
 .comment       0x0000006e       0x6f build/obj/chevents.o
 .comment       0x0000006e       0x6f build/obj/chqueues.o
 .comment       0x0000006e       0x6f build/obj/chmemcore.o
 .comment       0x0000006e       0x6f build/obj/hal.o
 .comment       0x0000006e       0x6f build/obj/ext.o
 .comment       0x0000006e       0x6f build/obj/i2c.o
 .comment       0x0000006e       0x6f build/obj/serial.o
 .comment       0x0000006e       0x6f build/obj/tm.o
 .comment       0x0000006e       0x6f build/obj/stm32_dma.o
 .comment       0x0000006e       0x6f build/obj/hal_lld.o
 .comment       0x0000006e       0x6f build/obj/ext_lld_isr.o
 .comment       0x0000006e       0x6f build/obj/ext_lld.o
 .comment       0x0000006e       0x6f build/obj/pal_lld.o
 .comment       0x0000006e       0x6f build/obj/i2c_lld.o
 .comment       0x0000006e       0x6f build/obj/serial_lld.o
 .comment       0x0000006e       0x6f build/obj/board.o
 .comment       0x0000006e       0x6f build/obj/main.o

.ARM.attributes
                0x00000000       0x33
 .ARM.attributes
                0x00000000       0x33 build/obj/crt0.o
 .ARM.attributes
                0x00000033       0x33 build/obj/vectors.o
 .ARM.attributes
                0x00000066       0x33 build/obj/chcore.o
 .ARM.attributes
                0x00000099       0x33 build/obj/chcore_v7m.o
 .ARM.attributes
                0x000000cc       0x33 build/obj/nvic.o
 .ARM.attributes
                0x000000ff       0x33 build/obj/chsys.o
 .ARM.attributes
                0x00000132       0x33 build/obj/chdebug.o
 .ARM.attributes
                0x00000165       0x33 build/obj/chlists.o
 .ARM.attributes
                0x00000198       0x33 build/obj/chvt.o
 .ARM.attributes
                0x000001cb       0x33 build/obj/chschd.o
 .ARM.attributes
                0x000001fe       0x33 build/obj/chthreads.o
 .ARM.attributes
                0x00000231       0x33 build/obj/chregistry.o
 .ARM.attributes
                0x00000264       0x33 build/obj/chmtx.o
 .ARM.attributes
                0x00000297       0x33 build/obj/chevents.o
 .ARM.attributes
                0x000002ca       0x33 build/obj/chqueues.o
 .ARM.attributes
                0x000002fd       0x33 build/obj/chmemcore.o
 .ARM.attributes
                0x00000330       0x33 build/obj/hal.o
 .ARM.attributes
                0x00000363       0x33 build/obj/ext.o
 .ARM.attributes
                0x00000396       0x33 build/obj/i2c.o
 .ARM.attributes
                0x000003c9       0x33 build/obj/serial.o
 .ARM.attributes
                0x000003fc       0x33 build/obj/tm.o
 .ARM.attributes
                0x0000042f       0x33 build/obj/stm32_dma.o
 .ARM.attributes
                0x00000462       0x33 build/obj/hal_lld.o
 .ARM.attributes
                0x00000495       0x33 build/obj/ext_lld_isr.o
 .ARM.attributes
                0x000004c8       0x33 build/obj/ext_lld.o
 .ARM.attributes
                0x000004fb       0x33 build/obj/pal_lld.o
 .ARM.attributes
                0x0000052e       0x33 build/obj/i2c_lld.o
 .ARM.attributes
                0x00000561       0x33 build/obj/serial_lld.o
 .ARM.attributes
                0x00000594       0x33 build/obj/board.o
 .ARM.attributes
                0x000005c7       0x33 build/obj/main.o

.debug_frame    0x00000000     0x1b20
 .debug_frame   0x00000000       0x50 build/obj/crt0.o
 .debug_frame   0x00000050       0x20 build/obj/vectors.o
 .debug_frame   0x00000070       0x20 build/obj/chcore.o
 .debug_frame   0x00000090       0xf4 build/obj/chcore_v7m.o
 .debug_frame   0x00000184       0x74 build/obj/nvic.o
 .debug_frame   0x000001f8       0x6c build/obj/chsys.o
 .debug_frame   0x00000264      0x144 build/obj/chdebug.o
 .debug_frame   0x000003a8       0x8c build/obj/chlists.o
 .debug_frame   0x00000434       0x64 build/obj/chvt.o
 .debug_frame   0x00000498      0x188 build/obj/chschd.o
 .debug_frame   0x00000620      0x1b8 build/obj/chthreads.o
 .debug_frame   0x000007d8       0x48 build/obj/chregistry.o
 .debug_frame   0x00000820      0x110 build/obj/chmtx.o
 .debug_frame   0x00000930      0x1c0 build/obj/chevents.o
 .debug_frame   0x00000af0      0x190 build/obj/chqueues.o
 .debug_frame   0x00000c80       0x68 build/obj/chmemcore.o
 .debug_frame   0x00000ce8       0x50 build/obj/hal.o
 .debug_frame   0x00000d38       0xdc build/obj/ext.o
 .debug_frame   0x00000e14      0x138 build/obj/i2c.o
 .debug_frame   0x00000f4c      0x154 build/obj/serial.o
 .debug_frame   0x000010a0       0x74 build/obj/tm.o
 .debug_frame   0x00001114      0x280 build/obj/stm32_dma.o
 .debug_frame   0x00001394       0x50 build/obj/hal_lld.o
 .debug_frame   0x000013e4      0x218 build/obj/ext_lld_isr.o
 .debug_frame   0x000015fc       0xb0 build/obj/ext_lld.o
 .debug_frame   0x000016ac       0x6c build/obj/pal_lld.o
 .debug_frame   0x00001718      0x2b0 build/obj/i2c_lld.o
 .debug_frame   0x000019c8       0xa8 build/obj/serial_lld.o
 .debug_frame   0x00001a70       0x30 build/obj/board.o
 .debug_frame   0x00001aa0       0x80 build/obj/main.o

Cross Reference Table

Symbol                                            File
BusFaultVector                                    build/obj/vectors.o
DebugMonitorVector                                build/obj/vectors.o
EXTD1                                             build/obj/ext_lld.o
                                                  build/obj/ext_lld_isr.o
HardFaultVector                                   build/obj/vectors.o
I2CD1                                             build/obj/i2c_lld.o
I2CD2                                             build/obj/i2c_lld.o
I2CD3                                             build/obj/i2c_lld.o
MemManageVector                                   build/obj/vectors.o
NMIVector                                         build/obj/vectors.o
PendSVVector                                      build/obj/vectors.o
ResetHandler                                      build/obj/crt0.o
                                                  build/obj/vectors.o
SD1                                               build/obj/serial_lld.o
                                                  build/obj/main.o
SVCallVector                                      build/obj/chcore_v7m.o
                                                  build/obj/vectors.o
SysTickVector                                     build/obj/chcore_v7m.o
                                                  build/obj/vectors.o
TAMPER_STAMP_IRQHandler                           build/obj/ext_lld_isr.o
TestThread                                        build/obj/test.o
UsageFaultVector                                  build/obj/vectors.o
Vector100                                         build/obj/vectors.o
Vector104                                         build/obj/vectors.o
Vector108                                         build/obj/vectors.o
Vector10C                                         build/obj/vectors.o
Vector110                                         build/obj/vectors.o
Vector114                                         build/obj/vectors.o
Vector118                                         build/obj/vectors.o
Vector11C                                         build/obj/vectors.o
Vector120                                         build/obj/stm32_dma.o
                                                  build/obj/vectors.o
Vector124                                         build/obj/stm32_dma.o
                                                  build/obj/vectors.o
Vector128                                         build/obj/stm32_dma.o
                                                  build/obj/vectors.o
Vector12C                                         build/obj/stm32_dma.o
                                                  build/obj/vectors.o
Vector130                                         build/obj/stm32_dma.o
                                                  build/obj/vectors.o
Vector134                                         build/obj/vectors.o
Vector138                                         build/obj/ext_lld_isr.o
                                                  build/obj/vectors.o
Vector13C                                         build/obj/vectors.o
Vector140                                         build/obj/vectors.o
Vector144                                         build/obj/vectors.o
Vector148                                         build/obj/vectors.o
Vector14C                                         build/obj/vectors.o
Vector150                                         build/obj/stm32_dma.o
                                                  build/obj/vectors.o
Vector154                                         build/obj/stm32_dma.o
                                                  build/obj/vectors.o
Vector158                                         build/obj/stm32_dma.o
                                                  build/obj/vectors.o
Vector15C                                         build/obj/vectors.o
Vector160                                         build/obj/i2c_lld.o
                                                  build/obj/vectors.o
Vector164                                         build/obj/i2c_lld.o
                                                  build/obj/vectors.o
Vector168                                         build/obj/vectors.o
Vector16C                                         build/obj/vectors.o
Vector170                                         build/obj/ext_lld_isr.o
                                                  build/obj/vectors.o
Vector174                                         build/obj/vectors.o
Vector178                                         build/obj/vectors.o
Vector17C                                         build/obj/vectors.o
Vector180                                         build/obj/vectors.o
Vector184                                         build/obj/vectors.o
Vector188                                         build/obj/vectors.o
Vector18C                                         build/obj/vectors.o
Vector190                                         build/obj/vectors.o
Vector194                                         build/obj/vectors.o
Vector198                                         build/obj/vectors.o
Vector19C                                         build/obj/vectors.o
Vector1A0                                         build/obj/vectors.o
Vector1A4                                         build/obj/vectors.o
Vector1A8                                         build/obj/vectors.o
Vector1C                                          build/obj/vectors.o
Vector20                                          build/obj/vectors.o
Vector24                                          build/obj/vectors.o
Vector28                                          build/obj/vectors.o
Vector34                                          build/obj/vectors.o
Vector40                                          build/obj/vectors.o
Vector44                                          build/obj/ext_lld_isr.o
                                                  build/obj/vectors.o
Vector48                                          build/obj/vectors.o
Vector4C                                          build/obj/ext_lld_isr.o
                                                  build/obj/vectors.o
Vector50                                          build/obj/vectors.o
Vector54                                          build/obj/vectors.o
Vector58                                          build/obj/ext_lld_isr.o
                                                  build/obj/vectors.o
Vector5C                                          build/obj/ext_lld_isr.o
                                                  build/obj/vectors.o
Vector60                                          build/obj/ext_lld_isr.o
                                                  build/obj/vectors.o
Vector64                                          build/obj/ext_lld_isr.o
                                                  build/obj/vectors.o
Vector68                                          build/obj/ext_lld_isr.o
                                                  build/obj/vectors.o
Vector6C                                          build/obj/stm32_dma.o
                                                  build/obj/vectors.o
Vector70                                          build/obj/stm32_dma.o
                                                  build/obj/vectors.o
Vector74                                          build/obj/stm32_dma.o
                                                  build/obj/vectors.o
Vector78                                          build/obj/stm32_dma.o
                                                  build/obj/vectors.o
Vector7C                                          build/obj/stm32_dma.o
                                                  build/obj/vectors.o
Vector80                                          build/obj/stm32_dma.o
                                                  build/obj/vectors.o
Vector84                                          build/obj/stm32_dma.o
                                                  build/obj/vectors.o
Vector88                                          build/obj/vectors.o
Vector8C                                          build/obj/vectors.o
Vector90                                          build/obj/vectors.o
Vector94                                          build/obj/vectors.o
Vector98                                          build/obj/vectors.o
Vector9C                                          build/obj/ext_lld_isr.o
                                                  build/obj/vectors.o
VectorA0                                          build/obj/vectors.o
VectorA4                                          build/obj/vectors.o
VectorA8                                          build/obj/vectors.o
VectorAC                                          build/obj/vectors.o
VectorB0                                          build/obj/vectors.o
VectorB4                                          build/obj/vectors.o
VectorB8                                          build/obj/vectors.o
VectorBC                                          build/obj/i2c_lld.o
                                                  build/obj/vectors.o
VectorC0                                          build/obj/i2c_lld.o
                                                  build/obj/vectors.o
VectorC4                                          build/obj/i2c_lld.o
                                                  build/obj/vectors.o
VectorC8                                          build/obj/i2c_lld.o
                                                  build/obj/vectors.o
VectorCC                                          build/obj/vectors.o
VectorD0                                          build/obj/vectors.o
VectorD4                                          build/obj/serial_lld.o
                                                  build/obj/vectors.o
VectorD8                                          build/obj/vectors.o
VectorDC                                          build/obj/vectors.o
VectorE0                                          build/obj/ext_lld_isr.o
                                                  build/obj/vectors.o
VectorE4                                          build/obj/ext_lld_isr.o
                                                  build/obj/vectors.o
VectorE8                                          build/obj/ext_lld_isr.o
                                                  build/obj/vectors.o
VectorEC                                          build/obj/vectors.o
VectorF0                                          build/obj/vectors.o
VectorF4                                          build/obj/vectors.o
VectorF8                                          build/obj/vectors.o
VectorFC                                          build/obj/stm32_dma.o
                                                  build/obj/vectors.o
__early_init                                      build/obj/board.o
                                                  build/obj/crt0.o
__fini_array_end                                  build/obj/crt0.o
__fini_array_start                                build/obj/crt0.o
__heap_base__                                     build/obj/chmemcore.o
__heap_end__                                      build/obj/chmemcore.o
__init_array_end                                  build/obj/crt0.o
__init_array_start                                build/obj/crt0.o
__late_init                                       build/obj/crt0.o
__main_stack_base__                               build/obj/crt0.o
__main_stack_end__                                build/obj/vectors.o
                                                  build/obj/crt0.o
__main_thread_stack_base__                        build/obj/chsys.o
__process_stack_base__                            build/obj/crt0.o
__process_stack_end__                             build/obj/crt0.o
_bss_end                                          build/obj/crt0.o
_bss_start                                        build/obj/crt0.o
_core_init                                        build/obj/chmemcore.o
                                                  build/obj/chsys.o
_data                                             build/obj/crt0.o
_default_exit                                     build/obj/crt0.o
_edata                                            build/obj/crt0.o
_idle_thread                                      build/obj/chsys.o
_idle_thread_wa                                   build/obj/chsys.o
_pal_lld_init                                     build/obj/pal_lld.o
                                                  build/obj/hal.o
_pal_lld_setgroupmode                             build/obj/pal_lld.o
                                                  build/obj/main.o
                                                  build/obj/pal.o
_port_init                                        build/obj/chcore_v7m.o
                                                  build/obj/chsys.o
_port_irq_epilogue                                build/obj/chcore_v7m.o
                                                  build/obj/serial_lld.o
                                                  build/obj/i2c_lld.o
                                                  build/obj/ext_lld_isr.o
                                                  build/obj/stm32_dma.o
_port_lock                                        build/obj/chcore_v7m.o
                                                  build/obj/serial_lld.o
                                                  build/obj/i2c_lld.o
                                                  build/obj/serial.o
                                                  build/obj/i2c.o
                                                  build/obj/ext.o
                                                  build/obj/testbmk.o
                                                  build/obj/testqueues.o
                                                  build/obj/testmbox.o
                                                  build/obj/testmtx.o
                                                  build/obj/testsem.o
                                                  build/obj/testthd.o
                                                  build/obj/test.o
                                                  build/obj/chmempools.o
                                                  build/obj/chmemcore.o
                                                  build/obj/chqueues.o
                                                  build/obj/chmboxes.o
                                                  build/obj/chmsg.o
                                                  build/obj/chevents.o
                                                  build/obj/chmtx.o
                                                  build/obj/chsem.o
                                                  build/obj/chregistry.o
                                                  build/obj/chthreads.o
                                                  build/obj/chschd.o
                                                  build/obj/chdebug.o
                                                  build/obj/chsys.o
_port_switch                                      build/obj/chcore_v7m.o
                                                  build/obj/chschd.o
_port_switch_from_isr                             build/obj/chcore_v7m.o
_port_thread_start                                build/obj/chcore_v7m.o
                                                  build/obj/chthreads.o
_port_unlock                                      build/obj/chcore_v7m.o
                                                  build/obj/serial_lld.o
                                                  build/obj/i2c_lld.o
                                                  build/obj/serial.o
                                                  build/obj/i2c.o
                                                  build/obj/ext.o
                                                  build/obj/testbmk.o
                                                  build/obj/testqueues.o
                                                  build/obj/testmbox.o
                                                  build/obj/testmtx.o
                                                  build/obj/testsem.o
                                                  build/obj/testthd.o
                                                  build/obj/test.o
                                                  build/obj/chmempools.o
                                                  build/obj/chmemcore.o
                                                  build/obj/chqueues.o
                                                  build/obj/chmboxes.o
                                                  build/obj/chmsg.o
                                                  build/obj/chevents.o
                                                  build/obj/chmtx.o
                                                  build/obj/chsem.o
                                                  build/obj/chregistry.o
                                                  build/obj/chthreads.o
                                                  build/obj/chschd.o
                                                  build/obj/chdebug.o
                                                  build/obj/chsys.o
_scheduler_init                                   build/obj/chschd.o
                                                  build/obj/chsys.o
_stm32_dma_streams                                build/obj/stm32_dma.o
                                                  build/obj/i2c_lld.o
_test_assert                                      build/obj/test.o
                                                  build/obj/testqueues.o
                                                  build/obj/testpools.o
                                                  build/obj/testevt.o
                                                  build/obj/testmbox.o
                                                  build/obj/testmtx.o
                                                  build/obj/testsem.o
                                                  build/obj/testthd.o
_test_assert_sequence                             build/obj/test.o
                                                  build/obj/testqueues.o
                                                  build/obj/testevt.o
                                                  build/obj/testmbox.o
                                                  build/obj/testmsg.o
                                                  build/obj/testmtx.o
                                                  build/obj/testsem.o
                                                  build/obj/testthd.o
_test_assert_time_window                          build/obj/test.o
                                                  build/obj/testevt.o
                                                  build/obj/testmtx.o
                                                  build/obj/testsem.o
                                                  build/obj/testthd.o
_test_fail                                        build/obj/test.o
_textdata                                         build/obj/crt0.o
_thread_init                                      build/obj/chthreads.o
                                                  build/obj/chsys.o
_thread_memfill                                   build/obj/chthreads.o
_trace_init                                       build/obj/chdebug.o
                                                  build/obj/chsys.o
_unhandled_exception                              build/obj/vectors.o
_vectors                                          build/obj/vectors.o
_vt_init                                          build/obj/chvt.o
                                                  build/obj/chsys.o
boardInit                                         build/obj/board.o
                                                  build/obj/hal.o
chCoreAlloc                                       build/obj/chmemcore.o
chCoreAllocI                                      build/obj/chmemcore.o
chCoreStatus                                      build/obj/chmemcore.o
chDbgCheckClassI                                  build/obj/chdebug.o
                                                  build/obj/serial.o
                                                  build/obj/chmempools.o
                                                  build/obj/chmemcore.o
                                                  build/obj/chqueues.o
                                                  build/obj/chmboxes.o
                                                  build/obj/chevents.o
                                                  build/obj/chsem.o
                                                  build/obj/chthreads.o
                                                  build/obj/chschd.o
                                                  build/obj/chvt.o
                                                  build/obj/chsys.o
chDbgCheckClassS                                  build/obj/chdebug.o
                                                  build/obj/chmboxes.o
                                                  build/obj/chmtx.o
                                                  build/obj/chsem.o
                                                  build/obj/chschd.o
chDbgPanic                                        build/obj/chdebug.o
                                                  build/obj/i2c_lld.o
                                                  build/obj/stm32_dma.o
                                                  build/obj/serial.o
                                                  build/obj/pal.o
                                                  build/obj/i2c.o
                                                  build/obj/ext.o
                                                  build/obj/chmempools.o
                                                  build/obj/chqueues.o
                                                  build/obj/chmboxes.o
                                                  build/obj/chmsg.o
                                                  build/obj/chevents.o
                                                  build/obj/chmtx.o
                                                  build/obj/chsem.o
                                                  build/obj/chthreads.o
                                                  build/obj/chschd.o
                                                  build/obj/chvt.o
chEvtAddEvents                                    build/obj/chevents.o
                                                  build/obj/testevt.o
chEvtBroadcastFlags                               build/obj/chevents.o
                                                  build/obj/testevt.o
chEvtBroadcastFlagsI                              build/obj/chevents.o
                                                  build/obj/serial_lld.o
                                                  build/obj/serial.o
chEvtDispatch                                     build/obj/chevents.o
                                                  build/obj/testevt.o
chEvtGetAndClearEvents                            build/obj/chevents.o
                                                  build/obj/testevt.o
chEvtGetAndClearFlags                             build/obj/chevents.o
chEvtGetAndClearFlagsI                            build/obj/chevents.o
chEvtRegisterMask                                 build/obj/chevents.o
                                                  build/obj/testevt.o
chEvtSignal                                       build/obj/chevents.o
                                                  build/obj/testevt.o
chEvtSignalI                                      build/obj/chevents.o
chEvtUnregister                                   build/obj/chevents.o
                                                  build/obj/testevt.o
chEvtWaitAll                                      build/obj/chevents.o
                                                  build/obj/testevt.o
chEvtWaitAny                                      build/obj/chevents.o
                                                  build/obj/testevt.o
chEvtWaitOne                                      build/obj/chevents.o
                                                  build/obj/testevt.o
chIQGetTimeout                                    build/obj/chqueues.o
                                                  build/obj/serial.o
                                                  build/obj/testbmk.o
                                                  build/obj/testqueues.o
chIQInit                                          build/obj/chqueues.o
                                                  build/obj/serial.o
                                                  build/obj/testbmk.o
                                                  build/obj/testqueues.o
chIQPutI                                          build/obj/chqueues.o
                                                  build/obj/serial.o
                                                  build/obj/testbmk.o
                                                  build/obj/testqueues.o
chIQReadTimeout                                   build/obj/chqueues.o
                                                  build/obj/serial.o
                                                  build/obj/testqueues.o
chIQResetI                                        build/obj/chqueues.o
                                                  build/obj/serial.o
                                                  build/obj/testqueues.o
chMBFetch                                         build/obj/chmboxes.o
                                                  build/obj/testmbox.o
chMBFetchI                                        build/obj/chmboxes.o
                                                  build/obj/testmbox.o
chMBFetchS                                        build/obj/chmboxes.o
chMBInit                                          build/obj/chmboxes.o
                                                  build/obj/testmbox.o
chMBPost                                          build/obj/chmboxes.o
                                                  build/obj/testmbox.o
chMBPostAhead                                     build/obj/chmboxes.o
                                                  build/obj/testmbox.o
chMBPostAheadI                                    build/obj/chmboxes.o
                                                  build/obj/testmbox.o
chMBPostAheadS                                    build/obj/chmboxes.o
chMBPostI                                         build/obj/chmboxes.o
                                                  build/obj/testmbox.o
chMBPostS                                         build/obj/chmboxes.o
chMBReset                                         build/obj/chmboxes.o
                                                  build/obj/testmbox.o
chMsgRelease                                      build/obj/chmsg.o
                                                  build/obj/testbmk.o
                                                  build/obj/testmsg.o
chMsgSend                                         build/obj/chmsg.o
                                                  build/obj/testbmk.o
                                                  build/obj/testmsg.o
chMsgWait                                         build/obj/chmsg.o
                                                  build/obj/testbmk.o
                                                  build/obj/testmsg.o
chMtxInit                                         build/obj/chmtx.o
                                                  build/obj/i2c.o
                                                  build/obj/testbmk.o
                                                  build/obj/testmtx.o
chMtxLock                                         build/obj/chmtx.o
                                                  build/obj/i2c.o
                                                  build/obj/testbmk.o
                                                  build/obj/testmtx.o
chMtxLockS                                        build/obj/chmtx.o
chMtxTryLock                                      build/obj/chmtx.o
                                                  build/obj/testmtx.o
chMtxTryLockS                                     build/obj/chmtx.o
chMtxUnlock                                       build/obj/chmtx.o
                                                  build/obj/i2c.o
                                                  build/obj/testbmk.o
                                                  build/obj/testmtx.o
chMtxUnlockAll                                    build/obj/chmtx.o
                                                  build/obj/testmtx.o
chMtxUnlockS                                      build/obj/chmtx.o
                                                  build/obj/testmtx.o
chOQGetI                                          build/obj/chqueues.o
                                                  build/obj/serial_lld.o
                                                  build/obj/serial.o
                                                  build/obj/testqueues.o
chOQInit                                          build/obj/chqueues.o
                                                  build/obj/serial.o
                                                  build/obj/testqueues.o
chOQPutTimeout                                    build/obj/chqueues.o
                                                  build/obj/main.o
                                                  build/obj/serial.o
                                                  build/obj/testqueues.o
chOQResetI                                        build/obj/chqueues.o
                                                  build/obj/serial.o
                                                  build/obj/testqueues.o
chOQWriteTimeout                                  build/obj/chqueues.o
                                                  build/obj/main.o
                                                  build/obj/serial.o
                                                  build/obj/testqueues.o
chPoolAlloc                                       build/obj/chmempools.o
                                                  build/obj/testpools.o
chPoolAllocI                                      build/obj/chmempools.o
chPoolFree                                        build/obj/chmempools.o
                                                  build/obj/testpools.o
chPoolFreeI                                       build/obj/chmempools.o
chPoolInit                                        build/obj/chmempools.o
                                                  build/obj/testpools.o
chPoolLoadArray                                   build/obj/chmempools.o
                                                  build/obj/testpools.o
chRegFirstThread                                  build/obj/chregistry.o
chRegNextThread                                   build/obj/chregistry.o
chSchDoReschedule                                 build/obj/chschd.o
                                                  build/obj/chcore_v7m.o
chSchDoRescheduleAhead                            build/obj/chschd.o
chSchDoRescheduleBehind                           build/obj/chschd.o
                                                  build/obj/chthreads.o
chSchGoSleepS                                     build/obj/chschd.o
                                                  build/obj/i2c_lld.o
                                                  build/obj/testbmk.o
                                                  build/obj/chmsg.o
                                                  build/obj/chevents.o
                                                  build/obj/chmtx.o
                                                  build/obj/chsem.o
                                                  build/obj/chthreads.o
chSchGoSleepTimeoutS                              build/obj/chschd.o
                                                  build/obj/chqueues.o
                                                  build/obj/chsem.o
                                                  build/obj/chthreads.o
chSchReadyI                                       build/obj/chschd.o
                                                  build/obj/i2c_lld.o
                                                  build/obj/chqueues.o
                                                  build/obj/chmsg.o
                                                  build/obj/chevents.o
                                                  build/obj/chmtx.o
                                                  build/obj/chsem.o
                                                  build/obj/chthreads.o
chSchRescheduleS                                  build/obj/chschd.o
                                                  build/obj/serial.o
                                                  build/obj/testmtx.o
                                                  build/obj/testsem.o
                                                  build/obj/chmboxes.o
                                                  build/obj/chevents.o
                                                  build/obj/chmtx.o
                                                  build/obj/chsem.o
                                                  build/obj/chthreads.o
chSchWakeupS                                      build/obj/chschd.o
                                                  build/obj/testbmk.o
                                                  build/obj/chmsg.o
                                                  build/obj/chmtx.o
                                                  build/obj/chsem.o
                                                  build/obj/chthreads.o
chSemAddCounterI                                  build/obj/chsem.o
                                                  build/obj/testsem.o
chSemInit                                         build/obj/chsem.o
                                                  build/obj/testbmk.o
                                                  build/obj/testsem.o
                                                  build/obj/chmboxes.o
chSemReset                                        build/obj/chsem.o
                                                  build/obj/testbmk.o
                                                  build/obj/testsem.o
chSemResetI                                       build/obj/chsem.o
                                                  build/obj/chmboxes.o
chSemSignal                                       build/obj/chsem.o
                                                  build/obj/testbmk.o
                                                  build/obj/testsem.o
chSemSignalI                                      build/obj/chsem.o
                                                  build/obj/testsem.o
                                                  build/obj/chmboxes.o
chSemSignalWait                                   build/obj/chsem.o
                                                  build/obj/testsem.o
chSemWait                                         build/obj/chsem.o
                                                  build/obj/testbmk.o
                                                  build/obj/testsem.o
chSemWaitS                                        build/obj/chsem.o
chSemWaitTimeout                                  build/obj/chsem.o
                                                  build/obj/testsem.o
chSemWaitTimeoutS                                 build/obj/chsem.o
                                                  build/obj/chmboxes.o
chSysInit                                         build/obj/chsys.o
                                                  build/obj/main.o
chSysTimerHandlerI                                build/obj/chsys.o
                                                  build/obj/chcore_v7m.o
chThdCreateI                                      build/obj/chthreads.o
                                                  build/obj/testthd.o
chThdCreateStatic                                 build/obj/chthreads.o
                                                  build/obj/testbmk.o
                                                  build/obj/testqueues.o
                                                  build/obj/testevt.o
                                                  build/obj/testmsg.o
                                                  build/obj/testmtx.o
                                                  build/obj/testsem.o
                                                  build/obj/testthd.o
                                                  build/obj/chsys.o
chThdExit                                         build/obj/chthreads.o
                                                  build/obj/chcore_v7m.o
chThdExitS                                        build/obj/chthreads.o
chThdResume                                       build/obj/chthreads.o
                                                  build/obj/testthd.o
chThdSetPriority                                  build/obj/chthreads.o
                                                  build/obj/testthd.o
chThdSleep                                        build/obj/chthreads.o
                                                  build/obj/main.o
                                                  build/obj/testbmk.o
                                                  build/obj/testevt.o
                                                  build/obj/testmtx.o
                                                  build/obj/testsem.o
                                                  build/obj/testthd.o
                                                  build/obj/test.o
chThdSleepUntil                                   build/obj/chthreads.o
                                                  build/obj/testthd.o
chThdTerminate                                    build/obj/chthreads.o
                                                  build/obj/test.o
chThdWait                                         build/obj/chthreads.o
                                                  build/obj/testbmk.o
                                                  build/obj/test.o
chThdYield                                        build/obj/chthreads.o
                                                  build/obj/testbmk.o
chVTResetI                                        build/obj/chvt.o
                                                  build/obj/i2c_lld.o