10:30:05 **** Incremental Build of configuration Debug for project display ****
make all 
Building file: ../src/sb_hsi.cpp
Invoking: MCU G++ Compiler
/home/z80/projects/stm32f238.git/eclipse-workspace/display/Debug
arm-none-eabi-g++ -mcpu=cortex-m4 -mthumb -mfloat-abi=hard -mfpu=fpv4-sp-d16 -DSTM32F429ZITx -DSTM32 -DSTM32F429I_DISC1 -DSTM32F4 -DDEBUG -DUSE_HAL_DRIVER -DSTM32F429xx -I/home/z80/projects/stm32f238.git/eclipse-workspace/display/inc -I/home/z80/projects/stm32f238.git/eclipse-workspace/display/CMSIS/core -I/home/z80/projects/stm32f238.git/eclipse-workspace/display/CMSIS/device -I/home/z80/projects/stm32f238.git/eclipse-workspace/display/Utilities/Log -I/home/z80/projects/stm32f238.git/eclipse-workspace/display/Utilities/Fonts -I/home/z80/projects/stm32f238.git/eclipse-workspace/display/Utilities/Components/ov2640 -I/home/z80/projects/stm32f238.git/eclipse-workspace/display/Utilities/Components/cs43l22 -I/home/z80/projects/stm32f238.git/eclipse-workspace/display/Utilities/Components/n25q256a -I/home/z80/projects/stm32f238.git/eclipse-workspace/display/Utilities/Components/lis302dl -I/home/z80/projects/stm32f238.git/eclipse-workspace/display/Utilities/Components/lis3dsh -I/home/z80/projects/stm32f238.git/eclipse-workspace/display/Utilities/Components/lsm303dlhc -I/home/z80/projects/stm32f238.git/eclipse-workspace/display/Utilities/Components/l3gd20 -I/home/z80/projects/stm32f238.git/eclipse-workspace/display/Utilities/Components/ili9325 -I/home/z80/projects/stm32f238.git/eclipse-workspace/display/Utilities/Components/mfxstm32l152 -I/home/z80/projects/stm32f238.git/eclipse-workspace/display/Utilities/Components/ft6x06 -I/home/z80/projects/stm32f238.git/eclipse-workspace/display/Utilities/Components/st7735 -I/home/z80/projects/stm32f238.git/eclipse-workspace/display/Utilities/Components/exc7200 -I/home/z80/projects/stm32f238.git/eclipse-workspace/display/Utilities/Components/wm8994 -I/home/z80/projects/stm32f238.git/eclipse-workspace/display/Utilities/Components/ts3510 -I/home/z80/projects/stm32f238.git/eclipse-workspace/display/Utilities/Components/stmpe811 -I/home/z80/projects/stm32f238.git/eclipse-workspace/display/Utilities/Components/stmpe1600 -I/home/z80/projects/stm32f238.git/eclipse-workspace/display/Utilities/Components/otm8009a -I/home/z80/projects/stm32f238.git/eclipse-workspace/display/Utilities/Components/n25q128a -I/home/z80/projects/stm32f238.git/eclipse-workspace/display/Utilities/Components/ampire480272 -I/home/z80/projects/stm32f238.git/eclipse-workspace/display/Utilities/Components/n25q512a -I/home/z80/projects/stm32f238.git/eclipse-workspace/display/Utilities/Components/ampire640480 -I/home/z80/projects/stm32f238.git/eclipse-workspace/display/Utilities/Components/s5k5cag -I/home/z80/projects/stm32f238.git/eclipse-workspace/display/Utilities/Components/ili9341 -I/home/z80/projects/stm32f238.git/eclipse-workspace/display/Utilities/Components/s25fl512s -I/home/z80/projects/stm32f238.git/eclipse-workspace/display/Utilities/Components/Common -I/home/z80/projects/stm32f238.git/eclipse-workspace/display/Utilities/STM32F429I-Discovery -I/home/z80/projects/stm32f238.git/eclipse-workspace/display/Middlewares/Third_Party/FreeRTOS/Source/CMSIS_RTOS -I/home/z80/projects/stm32f238.git/eclipse-workspace/display/Middlewares/Third_Party/FreeRTOS/Source/portable/GCC/ARM_CM4F -I/home/z80/projects/stm32f238.git/eclipse-workspace/display/Middlewares/Third_Party/FreeRTOS/Source/include -I/home/z80/projects/stm32f238.git/eclipse-workspace/display/Middlewares/ST/STM32_USB_Host_Library/Class/CDC/Inc -I/home/z80/projects/stm32f238.git/eclipse-workspace/display/Middlewares/ST/STM32_USB_Host_Library/Class/MSC/Inc -I/home/z80/projects/stm32f238.git/eclipse-workspace/display/Middlewares/ST/STM32_USB_Host_Library/Class/Template/Inc -I/home/z80/projects/stm32f238.git/eclipse-workspace/display/Middlewares/ST/STM32_USB_Host_Library/Class/AUDIO/Inc -I/home/z80/projects/stm32f238.git/eclipse-workspace/display/Middlewares/ST/STM32_USB_Host_Library/Class/HID/Inc -I/home/z80/projects/stm32f238.git/eclipse-workspace/display/Middlewares/ST/STM32_USB_Host_Library/Class/MTP/Inc -I/home/z80/projects/stm32f238.git/eclipse-workspace/display/Middlewares/ST/STM32_USB_Host_Library/Core/Inc -I/home/z80/projects/stm32f238.git/eclipse-workspace/display/HAL_Driver/Inc -I/home/z80/projects/stm32f238.git/eclipse-workspace/display/HAL_Driver/Inc/Legacy -O0 -g3 -Wall -fmessage-length=0 -ffunction-sections -c -fno-exceptions -fno-rtti -MMD -MP -MF"src/sb_hsi.d" -MT"src/sb_hsi.o" -o "src/sb_hsi.o" "../src/sb_hsi.cpp"
Finished building: ../src/sb_hsi.cpp
 
Building target: display.elf
Invoking: MCU G++ Linker
arm-none-eabi-g++ -mcpu=cortex-m4 -mthumb -mfloat-abi=hard -mfpu=fpv4-sp-d16 -T"/home/z80/projects/stm32f238.git/eclipse-workspace/display/LinkerScript.ld" -Wl,-Map=output.map -Wl,--gc-sections -fno-exceptions -fno-rtti -lm -o "display.elf" @"objects.list"  
Finished building target: display.elf
 
make --no-print-directory post-build
Generating binary and Printing size information:
arm-none-eabi-objcopy -O binary "display.elf" "display.bin"
arm-none-eabi-size "display.elf"
   text	   data	    bss	    dec	    hex	filename
  42808	   2268	  17980	  63056	   f650	display.elf
 

10:30:06 Build Finished (took 728ms)

