10:14:54 **** Incremental Build of configuration Debug for project bootloader ****
make all 
Building file: ../src/main.c
Invoking: MCU GCC Compiler
/home/z80/projects/stm32f238.git/eclipse-workspace/bootloader/Debug
arm-none-eabi-gcc -mcpu=cortex-m4 -mthumb -mfloat-abi=hard -mfpu=fpv4-sp-d16 -DSTM32F429ZITx -DSTM32 -DSTM32F429I_DISC1 -DSTM32F4 -DDEBUG -DUSE_HAL_DRIVER -DSTM32F429xx -I"/home/z80/projects/stm32f238.git/eclipse-workspace/bootloader/inc" -I"/home/z80/projects/stm32f238.git/eclipse-workspace/bootloader/CMSIS/core" -I"/home/z80/projects/stm32f238.git/eclipse-workspace/bootloader/CMSIS/device" -I"/home/z80/projects/stm32f238.git/eclipse-workspace/bootloader/Utilities/Log" -I"/home/z80/projects/stm32f238.git/eclipse-workspace/bootloader/Utilities/Fonts" -I"/home/z80/projects/stm32f238.git/eclipse-workspace/bootloader/Utilities/Components/ov2640" -I"/home/z80/projects/stm32f238.git/eclipse-workspace/bootloader/Utilities/Components/cs43l22" -I"/home/z80/projects/stm32f238.git/eclipse-workspace/bootloader/Utilities/Components/n25q256a" -I"/home/z80/projects/stm32f238.git/eclipse-workspace/bootloader/Utilities/Components/lis302dl" -I"/home/z80/projects/stm32f238.git/eclipse-workspace/bootloader/Utilities/Components/lis3dsh" -I"/home/z80/projects/stm32f238.git/eclipse-workspace/bootloader/Utilities/Components/lsm303dlhc" -I"/home/z80/projects/stm32f238.git/eclipse-workspace/bootloader/Utilities/Components/l3gd20" -I"/home/z80/projects/stm32f238.git/eclipse-workspace/bootloader/Utilities/Components/ili9325" -I"/home/z80/projects/stm32f238.git/eclipse-workspace/bootloader/Utilities/Components/mfxstm32l152" -I"/home/z80/projects/stm32f238.git/eclipse-workspace/bootloader/Utilities/Components/ft6x06" -I"/home/z80/projects/stm32f238.git/eclipse-workspace/bootloader/Utilities/Components/st7735" -I"/home/z80/projects/stm32f238.git/eclipse-workspace/bootloader/Utilities/Components/exc7200" -I"/home/z80/projects/stm32f238.git/eclipse-workspace/bootloader/Utilities/Components/wm8994" -I"/home/z80/projects/stm32f238.git/eclipse-workspace/bootloader/Utilities/Components/ts3510" -I"/home/z80/projects/stm32f238.git/eclipse-workspace/bootloader/Utilities/Components/stmpe811" -I"/home/z80/projects/stm32f238.git/eclipse-workspace/bootloader/Utilities/Components/stmpe1600" -I"/home/z80/projects/stm32f238.git/eclipse-workspace/bootloader/Utilities/Components/otm8009a" -I"/home/z80/projects/stm32f238.git/eclipse-workspace/bootloader/Utilities/Components/n25q128a" -I"/home/z80/projects/stm32f238.git/eclipse-workspace/bootloader/Utilities/Components/ampire480272" -I"/home/z80/projects/stm32f238.git/eclipse-workspace/bootloader/Utilities/Components/n25q512a" -I"/home/z80/projects/stm32f238.git/eclipse-workspace/bootloader/Utilities/Components/ampire640480" -I"/home/z80/projects/stm32f238.git/eclipse-workspace/bootloader/Utilities/Components/s5k5cag" -I"/home/z80/projects/stm32f238.git/eclipse-workspace/bootloader/Utilities/Components/ili9341" -I"/home/z80/projects/stm32f238.git/eclipse-workspace/bootloader/Utilities/Components/s25fl512s" -I"/home/z80/projects/stm32f238.git/eclipse-workspace/bootloader/Utilities/Components/Common" -I"/home/z80/projects/stm32f238.git/eclipse-workspace/bootloader/Utilities/STM32F429I-Discovery" -I"/home/z80/projects/stm32f238.git/eclipse-workspace/bootloader/HAL_Driver/Inc" -I"/home/z80/projects/stm32f238.git/eclipse-workspace/bootloader/HAL_Driver/Inc/Legacy" -O0 -g3 -Wall -fmessage-length=0 -ffunction-sections -c -MMD -MP -MF"src/main.d" -MT"src/main.o" -o "src/main.o" "../src/main.c"
Finished building: ../src/main.c
 
Building file: ../src/stm32f4xx_hal_msp.c
Invoking: MCU GCC Compiler
/home/z80/projects/stm32f238.git/eclipse-workspace/bootloader/Debug
arm-none-eabi-gcc -mcpu=cortex-m4 -mthumb -mfloat-abi=hard -mfpu=fpv4-sp-d16 -DSTM32F429ZITx -DSTM32 -DSTM32F429I_DISC1 -DSTM32F4 -DDEBUG -DUSE_HAL_DRIVER -DSTM32F429xx -I"/home/z80/projects/stm32f238.git/eclipse-workspace/bootloader/inc" -I"/home/z80/projects/stm32f238.git/eclipse-workspace/bootloader/CMSIS/core" -I"/home/z80/projects/stm32f238.git/eclipse-workspace/bootloader/CMSIS/device" -I"/home/z80/projects/stm32f238.git/eclipse-workspace/bootloader/Utilities/Log" -I"/home/z80/projects/stm32f238.git/eclipse-workspace/bootloader/Utilities/Fonts" -I"/home/z80/projects/stm32f238.git/eclipse-workspace/bootloader/Utilities/Components/ov2640" -I"/home/z80/projects/stm32f238.git/eclipse-workspace/bootloader/Utilities/Components/cs43l22" -I"/home/z80/projects/stm32f238.git/eclipse-workspace/bootloader/Utilities/Components/n25q256a" -I"/home/z80/projects/stm32f238.git/eclipse-workspace/bootloader/Utilities/Components/lis302dl" -I"/home/z80/projects/stm32f238.git/eclipse-workspace/bootloader/Utilities/Components/lis3dsh" -I"/home/z80/projects/stm32f238.git/eclipse-workspace/bootloader/Utilities/Components/lsm303dlhc" -I"/home/z80/projects/stm32f238.git/eclipse-workspace/bootloader/Utilities/Components/l3gd20" -I"/home/z80/projects/stm32f238.git/eclipse-workspace/bootloader/Utilities/Components/ili9325" -I"/home/z80/projects/stm32f238.git/eclipse-workspace/bootloader/Utilities/Components/mfxstm32l152" -I"/home/z80/projects/stm32f238.git/eclipse-workspace/bootloader/Utilities/Components/ft6x06" -I"/home/z80/projects/stm32f238.git/eclipse-workspace/bootloader/Utilities/Components/st7735" -I"/home/z80/projects/stm32f238.git/eclipse-workspace/bootloader/Utilities/Components/exc7200" -I"/home/z80/projects/stm32f238.git/eclipse-workspace/bootloader/Utilities/Components/wm8994" -I"/home/z80/projects/stm32f238.git/eclipse-workspace/bootloader/Utilities/Components/ts3510" -I"/home/z80/projects/stm32f238.git/eclipse-workspace/bootloader/Utilities/Components/stmpe811" -I"/home/z80/projects/stm32f238.git/eclipse-workspace/bootloader/Utilities/Components/stmpe1600" -I"/home/z80/projects/stm32f238.git/eclipse-workspace/bootloader/Utilities/Components/otm8009a" -I"/home/z80/projects/stm32f238.git/eclipse-workspace/bootloader/Utilities/Components/n25q128a" -I"/home/z80/projects/stm32f238.git/eclipse-workspace/bootloader/Utilities/Components/ampire480272" -I"/home/z80/projects/stm32f238.git/eclipse-workspace/bootloader/Utilities/Components/n25q512a" -I"/home/z80/projects/stm32f238.git/eclipse-workspace/bootloader/Utilities/Components/ampire640480" -I"/home/z80/projects/stm32f238.git/eclipse-workspace/bootloader/Utilities/Components/s5k5cag" -I"/home/z80/projects/stm32f238.git/eclipse-workspace/bootloader/Utilities/Components/ili9341" -I"/home/z80/projects/stm32f238.git/eclipse-workspace/bootloader/Utilities/Components/s25fl512s" -I"/home/z80/projects/stm32f238.git/eclipse-workspace/bootloader/Utilities/Components/Common" -I"/home/z80/projects/stm32f238.git/eclipse-workspace/bootloader/Utilities/STM32F429I-Discovery" -I"/home/z80/projects/stm32f238.git/eclipse-workspace/bootloader/HAL_Driver/Inc" -I"/home/z80/projects/stm32f238.git/eclipse-workspace/bootloader/HAL_Driver/Inc/Legacy" -O0 -g3 -Wall -fmessage-length=0 -ffunction-sections -c -MMD -MP -MF"src/stm32f4xx_hal_msp.d" -MT"src/stm32f4xx_hal_msp.o" -o "src/stm32f4xx_hal_msp.o" "../src/stm32f4xx_hal_msp.c"
Finished building: ../src/stm32f4xx_hal_msp.c
 
Building file: ../src/stm32f4xx_it.c
Invoking: MCU GCC Compiler
/home/z80/projects/stm32f238.git/eclipse-workspace/bootloader/Debug
arm-none-eabi-gcc -mcpu=cortex-m4 -mthumb -mfloat-abi=hard -mfpu=fpv4-sp-d16 -DSTM32F429ZITx -DSTM32 -DSTM32F429I_DISC1 -DSTM32F4 -DDEBUG -DUSE_HAL_DRIVER -DSTM32F429xx -I"/home/z80/projects/stm32f238.git/eclipse-workspace/bootloader/inc" -I"/home/z80/projects/stm32f238.git/eclipse-workspace/bootloader/CMSIS/core" -I"/home/z80/projects/stm32f238.git/eclipse-workspace/bootloader/CMSIS/device" -I"/home/z80/projects/stm32f238.git/eclipse-workspace/bootloader/Utilities/Log" -I"/home/z80/projects/stm32f238.git/eclipse-workspace/bootloader/Utilities/Fonts" -I"/home/z80/projects/stm32f238.git/eclipse-workspace/bootloader/Utilities/Components/ov2640" -I"/home/z80/projects/stm32f238.git/eclipse-workspace/bootloader/Utilities/Components/cs43l22" -I"/home/z80/projects/stm32f238.git/eclipse-workspace/bootloader/Utilities/Components/n25q256a" -I"/home/z80/projects/stm32f238.git/eclipse-workspace/bootloader/Utilities/Components/lis302dl" -I"/home/z80/projects/stm32f238.git/eclipse-workspace/bootloader/Utilities/Components/lis3dsh" -I"/home/z80/projects/stm32f238.git/eclipse-workspace/bootloader/Utilities/Components/lsm303dlhc" -I"/home/z80/projects/stm32f238.git/eclipse-workspace/bootloader/Utilities/Components/l3gd20" -I"/home/z80/projects/stm32f238.git/eclipse-workspace/bootloader/Utilities/Components/ili9325" -I"/home/z80/projects/stm32f238.git/eclipse-workspace/bootloader/Utilities/Components/mfxstm32l152" -I"/home/z80/projects/stm32f238.git/eclipse-workspace/bootloader/Utilities/Components/ft6x06" -I"/home/z80/projects/stm32f238.git/eclipse-workspace/bootloader/Utilities/Components/st7735" -I"/home/z80/projects/stm32f238.git/eclipse-workspace/bootloader/Utilities/Components/exc7200" -I"/home/z80/projects/stm32f238.git/eclipse-workspace/bootloader/Utilities/Components/wm8994" -I"/home/z80/projects/stm32f238.git/eclipse-workspace/bootloader/Utilities/Components/ts3510" -I"/home/z80/projects/stm32f238.git/eclipse-workspace/bootloader/Utilities/Components/stmpe811" -I"/home/z80/projects/stm32f238.git/eclipse-workspace/bootloader/Utilities/Components/stmpe1600" -I"/home/z80/projects/stm32f238.git/eclipse-workspace/bootloader/Utilities/Components/otm8009a" -I"/home/z80/projects/stm32f238.git/eclipse-workspace/bootloader/Utilities/Components/n25q128a" -I"/home/z80/projects/stm32f238.git/eclipse-workspace/bootloader/Utilities/Components/ampire480272" -I"/home/z80/projects/stm32f238.git/eclipse-workspace/bootloader/Utilities/Components/n25q512a" -I"/home/z80/projects/stm32f238.git/eclipse-workspace/bootloader/Utilities/Components/ampire640480" -I"/home/z80/projects/stm32f238.git/eclipse-workspace/bootloader/Utilities/Components/s5k5cag" -I"/home/z80/projects/stm32f238.git/eclipse-workspace/bootloader/Utilities/Components/ili9341" -I"/home/z80/projects/stm32f238.git/eclipse-workspace/bootloader/Utilities/Components/s25fl512s" -I"/home/z80/projects/stm32f238.git/eclipse-workspace/bootloader/Utilities/Components/Common" -I"/home/z80/projects/stm32f238.git/eclipse-workspace/bootloader/Utilities/STM32F429I-Discovery" -I"/home/z80/projects/stm32f238.git/eclipse-workspace/bootloader/HAL_Driver/Inc" -I"/home/z80/projects/stm32f238.git/eclipse-workspace/bootloader/HAL_Driver/Inc/Legacy" -O0 -g3 -Wall -fmessage-length=0 -ffunction-sections -c -MMD -MP -MF"src/stm32f4xx_it.d" -MT"src/stm32f4xx_it.o" -o "src/stm32f4xx_it.o" "../src/stm32f4xx_it.c"
Finished building: ../src/stm32f4xx_it.c
 
Building file: ../src/system_stm32f4xx.c
Invoking: MCU GCC Compiler
/home/z80/projects/stm32f238.git/eclipse-workspace/bootloader/Debug
arm-none-eabi-gcc -mcpu=cortex-m4 -mthumb -mfloat-abi=hard -mfpu=fpv4-sp-d16 -DSTM32F429ZITx -DSTM32 -DSTM32F429I_DISC1 -DSTM32F4 -DDEBUG -DUSE_HAL_DRIVER -DSTM32F429xx -I"/home/z80/projects/stm32f238.git/eclipse-workspace/bootloader/inc" -I"/home/z80/projects/stm32f238.git/eclipse-workspace/bootloader/CMSIS/core" -I"/home/z80/projects/stm32f238.git/eclipse-workspace/bootloader/CMSIS/device" -I"/home/z80/projects/stm32f238.git/eclipse-workspace/bootloader/Utilities/Log" -I"/home/z80/projects/stm32f238.git/eclipse-workspace/bootloader/Utilities/Fonts" -I"/home/z80/projects/stm32f238.git/eclipse-workspace/bootloader/Utilities/Components/ov2640" -I"/home/z80/projects/stm32f238.git/eclipse-workspace/bootloader/Utilities/Components/cs43l22" -I"/home/z80/projects/stm32f238.git/eclipse-workspace/bootloader/Utilities/Components/n25q256a" -I"/home/z80/projects/stm32f238.git/eclipse-workspace/bootloader/Utilities/Components/lis302dl" -I"/home/z80/projects/stm32f238.git/eclipse-workspace/bootloader/Utilities/Components/lis3dsh" -I"/home/z80/projects/stm32f238.git/eclipse-workspace/bootloader/Utilities/Components/lsm303dlhc" -I"/home/z80/projects/stm32f238.git/eclipse-workspace/bootloader/Utilities/Components/l3gd20" -I"/home/z80/projects/stm32f238.git/eclipse-workspace/bootloader/Utilities/Components/ili9325" -I"/home/z80/projects/stm32f238.git/eclipse-workspace/bootloader/Utilities/Components/mfxstm32l152" -I"/home/z80/projects/stm32f238.git/eclipse-workspace/bootloader/Utilities/Components/ft6x06" -I"/home/z80/projects/stm32f238.git/eclipse-workspace/bootloader/Utilities/Components/st7735" -I"/home/z80/projects/stm32f238.git/eclipse-workspace/bootloader/Utilities/Components/exc7200" -I"/home/z80/projects/stm32f238.git/eclipse-workspace/bootloader/Utilities/Components/wm8994" -I"/home/z80/projects/stm32f238.git/eclipse-workspace/bootloader/Utilities/Components/ts3510" -I"/home/z80/projects/stm32f238.git/eclipse-workspace/bootloader/Utilities/Components/stmpe811" -I"/home/z80/projects/stm32f238.git/eclipse-workspace/bootloader/Utilities/Components/stmpe1600" -I"/home/z80/projects/stm32f238.git/eclipse-workspace/bootloader/Utilities/Components/otm8009a" -I"/home/z80/projects/stm32f238.git/eclipse-workspace/bootloader/Utilities/Components/n25q128a" -I"/home/z80/projects/stm32f238.git/eclipse-workspace/bootloader/Utilities/Components/ampire480272" -I"/home/z80/projects/stm32f238.git/eclipse-workspace/bootloader/Utilities/Components/n25q512a" -I"/home/z80/projects/stm32f238.git/eclipse-workspace/bootloader/Utilities/Components/ampire640480" -I"/home/z80/projects/stm32f238.git/eclipse-workspace/bootloader/Utilities/Components/s5k5cag" -I"/home/z80/projects/stm32f238.git/eclipse-workspace/bootloader/Utilities/Components/ili9341" -I"/home/z80/projects/stm32f238.git/eclipse-workspace/bootloader/Utilities/Components/s25fl512s" -I"/home/z80/projects/stm32f238.git/eclipse-workspace/bootloader/Utilities/Components/Common" -I"/home/z80/projects/stm32f238.git/eclipse-workspace/bootloader/Utilities/STM32F429I-Discovery" -I"/home/z80/projects/stm32f238.git/eclipse-workspace/bootloader/HAL_Driver/Inc" -I"/home/z80/projects/stm32f238.git/eclipse-workspace/bootloader/HAL_Driver/Inc/Legacy" -O0 -g3 -Wall -fmessage-length=0 -ffunction-sections -c -MMD -MP -MF"src/system_stm32f4xx.d" -MT"src/system_stm32f4xx.o" -o "src/system_stm32f4xx.o" "../src/system_stm32f4xx.c"
Finished building: ../src/system_stm32f4xx.c
 
Building target: bootloader.elf
Invoking: MCU GCC Linker
arm-none-eabi-gcc -mcpu=cortex-m4 -mthumb -mfloat-abi=hard -mfpu=fpv4-sp-d16 -T"/home/z80/projects/stm32f238.git/eclipse-workspace/bootloader/LinkerScript.ld" -Wl,-Map=output.map -Wl,--gc-sections -lm -o "bootloader.elf" @"objects.list"  
Finished building target: bootloader.elf
 
make --no-print-directory post-build
Generating binary and Printing size information:
arm-none-eabi-objcopy -O binary "bootloader.elf" "bootloader.bin"
arm-none-eabi-size "bootloader.elf"
   text	   data	    bss	    dec	    hex	filename
   8764	   1116	   3784	  13664	   3560	bootloader.elf
 
10:15:05 **** Incremental Build of configuration Debug for project bootloader ****
make all 
make: Nothing to be done for `all'.
10:31:07 **** Incremental Build of configuration Debug for project bootloader ****
make all 
Building file: ../src/main.c
Invoking: MCU GCC Compiler
/home/z80/projects/stm32f238.git/eclipse-workspace/bootloader/Debug
arm-none-eabi-gcc -mcpu=cortex-m4 -mthumb -mfloat-abi=hard -mfpu=fpv4-sp-d16 -DSTM32F429ZITx -DSTM32 -DSTM32F429I_DISC1 -DSTM32F4 -DDEBUG -DUSE_HAL_DRIVER -DSTM32F429xx -I"/home/z80/projects/stm32f238.git/eclipse-workspace/bootloader/inc" -I"/home/z80/projects/stm32f238.git/eclipse-workspace/bootloader/CMSIS/core" -I"/home/z80/projects/stm32f238.git/eclipse-workspace/bootloader/CMSIS/device" -I"/home/z80/projects/stm32f238.git/eclipse-workspace/bootloader/Utilities/Log" -I"/home/z80/projects/stm32f238.git/eclipse-workspace/bootloader/Utilities/Fonts" -I"/home/z80/projects/stm32f238.git/eclipse-workspace/bootloader/Utilities/Components/ov2640" -I"/home/z80/projects/stm32f238.git/eclipse-workspace/bootloader/Utilities/Components/cs43l22" -I"/home/z80/projects/stm32f238.git/eclipse-workspace/bootloader/Utilities/Components/n25q256a" -I"/home/z80/projects/stm32f238.git/eclipse-workspace/bootloader/Utilities/Components/lis302dl" -I"/home/z80/projects/stm32f238.git/eclipse-workspace/bootloader/Utilities/Components/lis3dsh" -I"/home/z80/projects/stm32f238.git/eclipse-workspace/bootloader/Utilities/Components/lsm303dlhc" -I"/home/z80/projects/stm32f238.git/eclipse-workspace/bootloader/Utilities/Components/l3gd20" -I"/home/z80/projects/stm32f238.git/eclipse-workspace/bootloader/Utilities/Components/ili9325" -I"/home/z80/projects/stm32f238.git/eclipse-workspace/bootloader/Utilities/Components/mfxstm32l152" -I"/home/z80/projects/stm32f238.git/eclipse-workspace/bootloader/Utilities/Components/ft6x06" -I"/home/z80/projects/stm32f238.git/eclipse-workspace/bootloader/Utilities/Components/st7735" -I"/home/z80/projects/stm32f238.git/eclipse-workspace/bootloader/Utilities/Components/exc7200" -I"/home/z80/projects/stm32f238.git/eclipse-workspace/bootloader/Utilities/Components/wm8994" -I"/home/z80/projects/stm32f238.git/eclipse-workspace/bootloader/Utilities/Components/ts3510" -I"/home/z80/projects/stm32f238.git/eclipse-workspace/bootloader/Utilities/Components/stmpe811" -I"/home/z80/projects/stm32f238.git/eclipse-workspace/bootloader/Utilities/Components/stmpe1600" -I"/home/z80/projects/stm32f238.git/eclipse-workspace/bootloader/Utilities/Components/otm8009a" -I"/home/z80/projects/stm32f238.git/eclipse-workspace/bootloader/Utilities/Components/n25q128a" -I"/home/z80/projects/stm32f238.git/eclipse-workspace/bootloader/Utilities/Components/ampire480272" -I"/home/z80/projects/stm32f238.git/eclipse-workspace/bootloader/Utilities/Components/n25q512a" -I"/home/z80/projects/stm32f238.git/eclipse-workspace/bootloader/Utilities/Components/ampire640480" -I"/home/z80/projects/stm32f238.git/eclipse-workspace/bootloader/Utilities/Components/s5k5cag" -I"/home/z80/projects/stm32f238.git/eclipse-workspace/bootloader/Utilities/Components/ili9341" -I"/home/z80/projects/stm32f238.git/eclipse-workspace/bootloader/Utilities/Components/s25fl512s" -I"/home/z80/projects/stm32f238.git/eclipse-workspace/bootloader/Utilities/Components/Common" -I"/home/z80/projects/stm32f238.git/eclipse-workspace/bootloader/Utilities/STM32F429I-Discovery" -I"/home/z80/projects/stm32f238.git/eclipse-workspace/bootloader/HAL_Driver/Inc" -I"/home/z80/projects/stm32f238.git/eclipse-workspace/bootloader/HAL_Driver/Inc/Legacy" -O0 -g3 -Wall -fmessage-length=0 -ffunction-sections -c -MMD -MP -MF"src/main.d" -MT"src/main.o" -o "src/main.o" "../src/main.c"
Finished building: ../src/main.c
 
Building target: bootloader.elf
Invoking: MCU GCC Linker
arm-none-eabi-gcc -mcpu=cortex-m4 -mthumb -mfloat-abi=hard -mfpu=fpv4-sp-d16 -T"/home/z80/projects/stm32f238.git/eclipse-workspace/bootloader/LinkerScript.ld" -Wl,-Map=output.map -Wl,--gc-sections -lm -o "bootloader.elf" @"objects.list"  
Finished building target: bootloader.elf
 
make --no-print-directory post-build
Generating binary and Printing size information:
arm-none-eabi-objcopy -O binary "bootloader.elf" "bootloader.bin"
arm-none-eabi-size "bootloader.elf"
   text	   data	    bss	    dec	    hex	filename
   8808	   1116	   3784	  13708	   358c	bootloader.elf
 
10:31:11 **** Incremental Build of configuration Debug for project display ****
make all 
make: Nothing to be done for `all'.
10:31:28 **** Incremental Build of configuration Debug for project bootloader ****
make all 
make: Nothing to be done for `all'.
